###############################################################################
#
# IAR ELF Linker V7.30.1.7746/W32 for ARM                 30/Jan/2016  13:33:37
# Copyright 2007-2014 IAR Systems AB.
#
#    Output file  =  
#        C:\Users\Tang\Desktop\k60\山外K60参考代码V5.3（支持FX、FN和DNZ）\书外的参考例程\LCD_线性CCD_无线传输\线性CCD模块（可按键调试）\Prj\IAR\FN15_Debug\Exe\vcan_Kinetis.out
#    Map file     =  
#        C:\Users\Tang\Desktop\k60\山外K60参考代码V5.3（支持FX、FN和DNZ）\书外的参考例程\LCD_线性CCD_无线传输\线性CCD模块（可按键调试）\Prj\IAR\FN15_Debug\List\vcan_Kinetis.map
#    Command line =  
#        C:\Users\Tang\Desktop\k60\山外K60参考代码V5.3（支持FX、FN和DNZ）\书外的参考例程\LCD_线性CCD_无线传输\线性CCD模块（可按键调试）\Prj\IAR\FN15_Debug\Obj\CCD.o
#        C:\Users\Tang\Desktop\k60\山外K60参考代码V5.3（支持FX、FN和DNZ）\书外的参考例程\LCD_线性CCD_无线传输\线性CCD模块（可按键调试）\Prj\IAR\FN15_Debug\Obj\diskio.o
#        C:\Users\Tang\Desktop\k60\山外K60参考代码V5.3（支持FX、FN和DNZ）\书外的参考例程\LCD_线性CCD_无线传输\线性CCD模块（可按键调试）\Prj\IAR\FN15_Debug\Obj\ff.o
#        C:\Users\Tang\Desktop\k60\山外K60参考代码V5.3（支持FX、FN和DNZ）\书外的参考例程\LCD_线性CCD_无线传输\线性CCD模块（可按键调试）\Prj\IAR\FN15_Debug\Obj\main.o
#        C:\Users\Tang\Desktop\k60\山外K60参考代码V5.3（支持FX、FN和DNZ）\书外的参考例程\LCD_线性CCD_无线传输\线性CCD模块（可按键调试）\Prj\IAR\FN15_Debug\Obj\misc.o
#        C:\Users\Tang\Desktop\k60\山外K60参考代码V5.3（支持FX、FN和DNZ）\书外的参考例程\LCD_线性CCD_无线传输\线性CCD模块（可按键调试）\Prj\IAR\FN15_Debug\Obj\MK60_adc.o
#        C:\Users\Tang\Desktop\k60\山外K60参考代码V5.3（支持FX、FN和DNZ）\书外的参考例程\LCD_线性CCD_无线传输\线性CCD模块（可按键调试）\Prj\IAR\FN15_Debug\Obj\MK60_can.o
#        C:\Users\Tang\Desktop\k60\山外K60参考代码V5.3（支持FX、FN和DNZ）\书外的参考例程\LCD_线性CCD_无线传输\线性CCD模块（可按键调试）\Prj\IAR\FN15_Debug\Obj\MK60_conf.o
#        C:\Users\Tang\Desktop\k60\山外K60参考代码V5.3（支持FX、FN和DNZ）\书外的参考例程\LCD_线性CCD_无线传输\线性CCD模块（可按键调试）\Prj\IAR\FN15_Debug\Obj\MK60_dac.o
#        C:\Users\Tang\Desktop\k60\山外K60参考代码V5.3（支持FX、FN和DNZ）\书外的参考例程\LCD_线性CCD_无线传输\线性CCD模块（可按键调试）\Prj\IAR\FN15_Debug\Obj\MK60_dma.o
#        C:\Users\Tang\Desktop\k60\山外K60参考代码V5.3（支持FX、FN和DNZ）\书外的参考例程\LCD_线性CCD_无线传输\线性CCD模块（可按键调试）\Prj\IAR\FN15_Debug\Obj\MK60_DWT.o
#        C:\Users\Tang\Desktop\k60\山外K60参考代码V5.3（支持FX、FN和DNZ）\书外的参考例程\LCD_线性CCD_无线传输\线性CCD模块（可按键调试）\Prj\IAR\FN15_Debug\Obj\MK60_flash.o
#        C:\Users\Tang\Desktop\k60\山外K60参考代码V5.3（支持FX、FN和DNZ）\书外的参考例程\LCD_线性CCD_无线传输\线性CCD模块（可按键调试）\Prj\IAR\FN15_Debug\Obj\MK60_flexbus.o
#        C:\Users\Tang\Desktop\k60\山外K60参考代码V5.3（支持FX、FN和DNZ）\书外的参考例程\LCD_线性CCD_无线传输\线性CCD模块（可按键调试）\Prj\IAR\FN15_Debug\Obj\MK60_ftm.o
#        C:\Users\Tang\Desktop\k60\山外K60参考代码V5.3（支持FX、FN和DNZ）\书外的参考例程\LCD_线性CCD_无线传输\线性CCD模块（可按键调试）\Prj\IAR\FN15_Debug\Obj\MK60_gpio.o
#        C:\Users\Tang\Desktop\k60\山外K60参考代码V5.3（支持FX、FN和DNZ）\书外的参考例程\LCD_线性CCD_无线传输\线性CCD模块（可按键调试）\Prj\IAR\FN15_Debug\Obj\MK60_i2c.o
#        C:\Users\Tang\Desktop\k60\山外K60参考代码V5.3（支持FX、FN和DNZ）\书外的参考例程\LCD_线性CCD_无线传输\线性CCD模块（可按键调试）\Prj\IAR\FN15_Debug\Obj\MK60_it.o
#        C:\Users\Tang\Desktop\k60\山外K60参考代码V5.3（支持FX、FN和DNZ）\书外的参考例程\LCD_线性CCD_无线传输\线性CCD模块（可按键调试）\Prj\IAR\FN15_Debug\Obj\MK60_lptmr.o
#        C:\Users\Tang\Desktop\k60\山外K60参考代码V5.3（支持FX、FN和DNZ）\书外的参考例程\LCD_线性CCD_无线传输\线性CCD模块（可按键调试）\Prj\IAR\FN15_Debug\Obj\MK60_mcg.o
#        C:\Users\Tang\Desktop\k60\山外K60参考代码V5.3（支持FX、FN和DNZ）\书外的参考例程\LCD_线性CCD_无线传输\线性CCD模块（可按键调试）\Prj\IAR\FN15_Debug\Obj\MK60_PIT.o
#        C:\Users\Tang\Desktop\k60\山外K60参考代码V5.3（支持FX、FN和DNZ）\书外的参考例程\LCD_线性CCD_无线传输\线性CCD模块（可按键调试）\Prj\IAR\FN15_Debug\Obj\MK60_port.o
#        C:\Users\Tang\Desktop\k60\山外K60参考代码V5.3（支持FX、FN和DNZ）\书外的参考例程\LCD_线性CCD_无线传输\线性CCD模块（可按键调试）\Prj\IAR\FN15_Debug\Obj\MK60_rtc.o
#        C:\Users\Tang\Desktop\k60\山外K60参考代码V5.3（支持FX、FN和DNZ）\书外的参考例程\LCD_线性CCD_无线传输\线性CCD模块（可按键调试）\Prj\IAR\FN15_Debug\Obj\MK60_sdhc.o
#        C:\Users\Tang\Desktop\k60\山外K60参考代码V5.3（支持FX、FN和DNZ）\书外的参考例程\LCD_线性CCD_无线传输\线性CCD模块（可按键调试）\Prj\IAR\FN15_Debug\Obj\MK60_spi.o
#        C:\Users\Tang\Desktop\k60\山外K60参考代码V5.3（支持FX、FN和DNZ）\书外的参考例程\LCD_线性CCD_无线传输\线性CCD模块（可按键调试）\Prj\IAR\FN15_Debug\Obj\MK60_SysTick.o
#        C:\Users\Tang\Desktop\k60\山外K60参考代码V5.3（支持FX、FN和DNZ）\书外的参考例程\LCD_线性CCD_无线传输\线性CCD模块（可按键调试）\Prj\IAR\FN15_Debug\Obj\MK60_uart.o
#        C:\Users\Tang\Desktop\k60\山外K60参考代码V5.3（支持FX、FN和DNZ）\书外的参考例程\LCD_线性CCD_无线传输\线性CCD模块（可按键调试）\Prj\IAR\FN15_Debug\Obj\MK60_usb.o
#        C:\Users\Tang\Desktop\k60\山外K60参考代码V5.3（支持FX、FN和DNZ）\书外的参考例程\LCD_线性CCD_无线传输\线性CCD模块（可按键调试）\Prj\IAR\FN15_Debug\Obj\MK60_wdog.o
#        C:\Users\Tang\Desktop\k60\山外K60参考代码V5.3（支持FX、FN和DNZ）\书外的参考例程\LCD_线性CCD_无线传输\线性CCD模块（可按键调试）\Prj\IAR\FN15_Debug\Obj\startup_MK60DZ10.o
#        C:\Users\Tang\Desktop\k60\山外K60参考代码V5.3（支持FX、FN和DNZ）\书外的参考例程\LCD_线性CCD_无线传输\线性CCD模块（可按键调试）\Prj\IAR\FN15_Debug\Obj\system_MK60DZ10.o
#        C:\Users\Tang\Desktop\k60\山外K60参考代码V5.3（支持FX、FN和DNZ）\书外的参考例程\LCD_线性CCD_无线传输\线性CCD模块（可按键调试）\Prj\IAR\FN15_Debug\Obj\USB.o
#        C:\Users\Tang\Desktop\k60\山外K60参考代码V5.3（支持FX、FN和DNZ）\书外的参考例程\LCD_线性CCD_无线传输\线性CCD模块（可按键调试）\Prj\IAR\FN15_Debug\Obj\USB_CDC.o
#        C:\Users\Tang\Desktop\k60\山外K60参考代码V5.3（支持FX、FN和DNZ）\书外的参考例程\LCD_线性CCD_无线传输\线性CCD模块（可按键调试）\Prj\IAR\FN15_Debug\Obj\VCAN_ASCII.o
#        C:\Users\Tang\Desktop\k60\山外K60参考代码V5.3（支持FX、FN和DNZ）\书外的参考例程\LCD_线性CCD_无线传输\线性CCD模块（可按键调试）\Prj\IAR\FN15_Debug\Obj\VCAN_BMP.o
#        C:\Users\Tang\Desktop\k60\山外K60参考代码V5.3（支持FX、FN和DNZ）\书外的参考例程\LCD_线性CCD_无线传输\线性CCD模块（可按键调试）\Prj\IAR\FN15_Debug\Obj\VCAN_camera.o
#        C:\Users\Tang\Desktop\k60\山外K60参考代码V5.3（支持FX、FN和DNZ）\书外的参考例程\LCD_线性CCD_无线传输\线性CCD模块（可按键调试）\Prj\IAR\FN15_Debug\Obj\VCAN_computer.o
#        C:\Users\Tang\Desktop\k60\山外K60参考代码V5.3（支持FX、FN和DNZ）\书外的参考例程\LCD_线性CCD_无线传输\线性CCD模块（可按键调试）\Prj\IAR\FN15_Debug\Obj\vcan_img2sd.o
#        C:\Users\Tang\Desktop\k60\山外K60参考代码V5.3（支持FX、FN和DNZ）\书外的参考例程\LCD_线性CCD_无线传输\线性CCD模块（可按键调试）\Prj\IAR\FN15_Debug\Obj\VCAN_key.o
#        C:\Users\Tang\Desktop\k60\山外K60参考代码V5.3（支持FX、FN和DNZ）\书外的参考例程\LCD_线性CCD_无线传输\线性CCD模块（可按键调试）\Prj\IAR\FN15_Debug\Obj\VCAN_key_event.o
#        C:\Users\Tang\Desktop\k60\山外K60参考代码V5.3（支持FX、FN和DNZ）\书外的参考例程\LCD_线性CCD_无线传输\线性CCD模块（可按键调试）\Prj\IAR\FN15_Debug\Obj\VCAN_LCD.o
#        C:\Users\Tang\Desktop\k60\山外K60参考代码V5.3（支持FX、FN和DNZ）\书外的参考例程\LCD_线性CCD_无线传输\线性CCD模块（可按键调试）\Prj\IAR\FN15_Debug\Obj\VCAN_LCD_CH.o
#        C:\Users\Tang\Desktop\k60\山外K60参考代码V5.3（支持FX、FN和DNZ）\书外的参考例程\LCD_线性CCD_无线传输\线性CCD模块（可按键调试）\Prj\IAR\FN15_Debug\Obj\VCAN_LCD_ILI9341.o
#        C:\Users\Tang\Desktop\k60\山外K60参考代码V5.3（支持FX、FN和DNZ）\书外的参考例程\LCD_线性CCD_无线传输\线性CCD模块（可按键调试）\Prj\IAR\FN15_Debug\Obj\VCAN_LCD_ST7735R.o
#        C:\Users\Tang\Desktop\k60\山外K60参考代码V5.3（支持FX、FN和DNZ）\书外的参考例程\LCD_线性CCD_无线传输\线性CCD模块（可按键调试）\Prj\IAR\FN15_Debug\Obj\VCAN_LCD_ST7735S.o
#        C:\Users\Tang\Desktop\k60\山外K60参考代码V5.3（支持FX、FN和DNZ）\书外的参考例程\LCD_线性CCD_无线传输\线性CCD模块（可按键调试）\Prj\IAR\FN15_Debug\Obj\VCAN_LED.o
#        C:\Users\Tang\Desktop\k60\山外K60参考代码V5.3（支持FX、FN和DNZ）\书外的参考例程\LCD_线性CCD_无线传输\线性CCD模块（可按键调试）\Prj\IAR\FN15_Debug\Obj\VCAN_MMA7455.o
#        C:\Users\Tang\Desktop\k60\山外K60参考代码V5.3（支持FX、FN和DNZ）\书外的参考例程\LCD_线性CCD_无线传输\线性CCD模块（可按键调试）\Prj\IAR\FN15_Debug\Obj\VCAN_NRF24L0.o
#        C:\Users\Tang\Desktop\k60\山外K60参考代码V5.3（支持FX、FN和DNZ）\书外的参考例程\LCD_线性CCD_无线传输\线性CCD模块（可按键调试）\Prj\IAR\FN15_Debug\Obj\VCAN_NRF24L0_MSG.o
#        C:\Users\Tang\Desktop\k60\山外K60参考代码V5.3（支持FX、FN和DNZ）\书外的参考例程\LCD_线性CCD_无线传输\线性CCD模块（可按键调试）\Prj\IAR\FN15_Debug\Obj\VCAN_OV7725_Eagle.o
#        C:\Users\Tang\Desktop\k60\山外K60参考代码V5.3（支持FX、FN和DNZ）\书外的参考例程\LCD_线性CCD_无线传输\线性CCD模块（可按键调试）\Prj\IAR\FN15_Debug\Obj\VCAN_OV7725_Wolf.o
#        C:\Users\Tang\Desktop\k60\山外K60参考代码V5.3（支持FX、FN和DNZ）\书外的参考例程\LCD_线性CCD_无线传输\线性CCD模块（可按键调试）\Prj\IAR\FN15_Debug\Obj\VCAN_RTC_count.o
#        C:\Users\Tang\Desktop\k60\山外K60参考代码V5.3（支持FX、FN和DNZ）\书外的参考例程\LCD_线性CCD_无线传输\线性CCD模块（可按键调试）\Prj\IAR\FN15_Debug\Obj\VCAN_SCCB.o
#        C:\Users\Tang\Desktop\k60\山外K60参考代码V5.3（支持FX、FN和DNZ）\书外的参考例程\LCD_线性CCD_无线传输\线性CCD模块（可按键调试）\Prj\IAR\FN15_Debug\Obj\vcan_sd_app.o
#        C:\Users\Tang\Desktop\k60\山外K60参考代码V5.3（支持FX、FN和DNZ）\书外的参考例程\LCD_线性CCD_无线传输\线性CCD模块（可按键调试）\Prj\IAR\FN15_Debug\Obj\Vcan_touch.o
#        C:\Users\Tang\Desktop\k60\山外K60参考代码V5.3（支持FX、FN和DNZ）\书外的参考例程\LCD_线性CCD_无线传输\线性CCD模块（可按键调试）\Prj\IAR\FN15_Debug\Obj\VCAN_TSL1401.o
#        C:\Users\Tang\Desktop\k60\山外K60参考代码V5.3（支持FX、FN和DNZ）\书外的参考例程\LCD_线性CCD_无线传输\线性CCD模块（可按键调试）\Prj\IAR\FN15_Debug\Obj\VCAN_UI_VAR.o
#        C:\Users\Tang\Desktop\k60\山外K60参考代码V5.3（支持FX、FN和DNZ）\书外的参考例程\LCD_线性CCD_无线传输\线性CCD模块（可按键调试）\Prj\IAR\FN15_Debug\Obj\vectors.o
#        --redirect _Printf=_PrintfLargeNoMb --redirect _Scanf=_ScanfLargeNoMb
#        -o
#        C:\Users\Tang\Desktop\k60\山外K60参考代码V5.3（支持FX、FN和DNZ）\书外的参考例程\LCD_线性CCD_无线传输\线性CCD模块（可按键调试）\Prj\IAR\FN15_Debug\Exe\vcan_Kinetis.out
#        --map
#        C:\Users\Tang\Desktop\k60\山外K60参考代码V5.3（支持FX、FN和DNZ）\书外的参考例程\LCD_线性CCD_无线传输\线性CCD模块（可按键调试）\Prj\IAR\FN15_Debug\List\vcan_Kinetis.map
#        --config
#        "C:\Users\Tang\Desktop\k60\山外K60参考代码V5.3（支持FX、FN和DNZ）\书外的参考例程\LCD_线性CCD_无线传输\线性CCD模块（可按键调试）\Prj\IAR\config
#        files\vcan_ROM_K60N1M.icf"
#        C:\Users\Tang\Desktop\k60\山外K60参考代码V5.3（支持FX、FN和DNZ）\书外的参考例程\LCD_线性CCD_无线传输\线性CCD模块（可按键调试）\Prj\IAR\..\..\Lib\CMSIS\iar_cortexM4l_math.a
#        --entry __iar_program_start --redirect __write=__write_buffered --vfe
#
###############################################################################

*******************************************************************************
*** RUNTIME MODEL ATTRIBUTES
***

CppFlavor       = *
__SystemLibrary = DLib


*******************************************************************************
*** PLACEMENT SUMMARY
***

"A1":  place at 0x00000000 { ro section .intvec };
"A2":  place at 0x00000410 { ro section .noinit };
"P1":  place in [from 0x00000000 to 0x00100000] { ro, block CodeRelocate };
"P2":  place in [from 0x1fff0410 to 0x20010000] {
          rw, block CodeRelocateRam, block CSTACK, block HEAP };

  Section              Kind        Address    Size  Object
  -------              ----        -------    ----  ------
"A1":                                        0x410
  .intvec              const    0x00000000   0x410  vectors.o [1]
                              - 0x00000410   0x410

"P1", part 1 of 2:                             0x0
  .rodata              const    0x00000410     0x0  zero_init3.o [5]

"A2":                                          0x8
  .noinit              ro code  0x00000410     0x8  startup_MK60DZ10.o [1]
                              - 0x00000418     0x8

"P1", part 2 of 2:                          0x3864
  .text                ro code  0x00000418   0xbee  xprintflarge_nomb.o [3]
  .text                ro code  0x00001006    0x22  zero_init3.o [5]
  .text                ro code  0x00001028    0x16  strchr.o [5]
  .rodata              const    0x0000103e     0x2  VCAN_computer.o [1]
  .text                ro code  0x00001040    0x36  strlen.o [5]
  .rodata              const    0x00001076     0x2  VCAN_computer.o [1]
  .text                ro code  0x00001078    0x58  memchr.o [5]
  .text                ro code  0x000010d0    0xee  I64DivMod.o [5]
  .text                ro code  0x000011c0    0x76  ABImemcpy_unaligned.o [5]
  .text                ro code  0x00001236    0x42  xdnorm.o [4]
  .text                ro code  0x00001278    0x2e  DblCmpLe.o [4]
  .text                ro code  0x000012a8   0x1a2  DblMul.o [4]
  .text                ro code  0x0000144c   0x246  DblDiv.o [4]
  .text                ro code  0x00001694    0x2c  DblToI32.o [4]
  .text                ro code  0x000016c0    0x1c  I32ToDbl.o [4]
  .text                ro code  0x000016dc   0x180  DblSub.o [4]
  .text                ro code  0x0000185c    0x6c  localeconv.o [3]
  .text                ro code  0x000018c8     0xe  div.o [3]
  .text                ro code  0x000018d8     0x2  I64DivZer.o [5]
  .text                ro code  0x000018dc    0xd4  DblAdd.o [4]
  .text                ro code  0x000019b0     0x2  xtls.o [3]
  .data_init                    0x000019b4   0x7f8  <Block>
    Initializer bytes  ro data  0x000019b4   0x7f8  <for .data-1>
  Veneer               ro code  0x000021ac     0x8  - Linker created -
  .text                ro code  0x000021b4   0x3d4  MK60_mcg.o [1]
  .text                ro code  0x00002588   0x2b8  MK60_adc.o [1]
  Veneer               ro code  0x00002840     0x8  - Linker created -
  Veneer               ro code  0x00002848     0x8  - Linker created -
  .text                ro code  0x00002850   0x140  MK60_conf.o [1]
  .text                ro code  0x00002990    0xb0  MK60_port.o [1]
  .text                ro code  0x00002a40    0x70  VCAN_LED.o [1]
  .text                ro code  0x00002ab0    0x24  printf.o [3]
  .text                ro code  0x00002ad4    0x64  MK60_SysTick.o [1]
  .text                ro code  0x00002b38   0x270  MK60_uart.o [1]
  .text                ro code  0x00002da8    0x9c  VCAN_key.o [1]
  .text                ro code  0x00002e44   0x128  MK60_gpio.o [1]
  CodeRelocate                  0x00002f6c   0x1f0  <Block>
    Initializer bytes  ro data  0x00002f6c   0x1f0  <for CodeRelocateRam-1>
  .text                ro code  0x0000315c   0x18c  CCD.o [1]
  .text                ro code  0x000032e8   0x130  system_MK60DZ10.o [1]
  .text                ro code  0x00003418    0x40  MK60_wdog.o [1]
  .text                ro code  0x00003458   0x11c  main.o [1]
  .text                ro code  0x00003574    0x50  misc.o [1]
  .text                ro code  0x000035c4    0x7c  MK60_PIT.o [1]
  .text                ro code  0x00003640    0x40  VCAN_computer.o [1]
  .rodata              const    0x00003680    0x98  MK60_flash.o [1]
  .rodata              const    0x00003718    0x98  MK60_SysTick.o [1]
  .rodata              const    0x000037b0    0x94  MK60_adc.o [1]
  .rodata              const    0x00003844    0x94  MK60_gpio.o [1]
  .rodata              const    0x000038d8    0x94  MK60_PIT.o [1]
  .rodata              const    0x0000396c    0x94  MK60_uart.o [1]
  .rodata              const    0x00003a00    0x90  misc.o [1]
  .rodata              const    0x00003a90    0x3c  MK60_conf.o [1]
  .text                ro code  0x00003acc    0x28  data_init.o [5]
  .rodata              const    0x00003af4    0x24  MK60_conf.o [1]
  .text                ro code  0x00003b18    0x22  fpinit_M.o [4]
  .iar.init_table      const    0x00003b3c    0x10  - Linker created -
  .rodata              const    0x00003b4c    0x20  MK60_conf.o [1]
  .text                ro code  0x00003b6c    0x1a  cmain.o [5]
  .text                ro code  0x00003b86     0x4  low_level_init.o [3]
  .text                ro code  0x00003b8a     0x4  exit.o [3]
  .text                ro code  0x00003b90     0xa  cexit.o [5]
  .text                ro code  0x00003b9c     0xc  XXexit.o [5]
  .text                ro code  0x00003ba8    0x16  xprout.o [3]
  .text                ro code  0x00003bc0     0xc  putchar.o [3]
  .rodata              const    0x00003bcc    0x14  MK60_conf.o [1]
  .text                ro code  0x00003be0     0xc  cstartup_M.o [5]
  .rodata              const    0x00003bec     0x8  main.o [1]
  Initializer bytes    ro data  0x00003bf4    0x88  <for P2 s0>
                              - 0x00003c7c  0x3864

"P2":                                        0xb58
  .data                         0x1fff0410   0x7f8  <Block>
    .data-1                     0x1fff0410   0x7f8  <Init block>
      .data            inited   0x1fff0410     0x8  MK60_adc.o [1]
      .data            inited   0x1fff0418   0x708  MK60_conf.o [1]
      .data            inited   0x1fff0b20    0x14  MK60_gpio.o [1]
      .data            inited   0x1fff0b34    0x58  MK60_mcg.o [1]
      .data            inited   0x1fff0b8c     0x4  MK60_mcg.o [1]
      .data            inited   0x1fff0b90    0x14  MK60_port.o [1]
      .data            inited   0x1fff0ba4    0x18  MK60_uart.o [1]
      .data            inited   0x1fff0bbc     0x8  VCAN_key.o [1]
      .data            inited   0x1fff0bc4     0x4  VCAN_LED.o [1]
      .data            inited   0x1fff0bc8    0x40  xfiles.o [3]
  CodeRelocateRam               0x1fff0c08   0x1f0  <Block>
    CodeRelocateRam-1           0x1fff0c08   0x1f0  <Init block>
      Veneer           inited   0x1fff0c08     0x8  - Linker created -
      Veneer           inited   0x1fff0c10     0x8  - Linker created -
      .textrw          inited   0x1fff0c18   0x190  MK60_flash.o [1]
      .textrw          inited   0x1fff0da8    0x50  MK60_mcg.o [1]
  .bss                          0x1fff0df8    0xe8  <Block>
    .bss               zero     0x1fff0df8    0x80  CCD.o [1]
    .bss               zero     0x1fff0e78     0x4  CCD.o [1]
    .bss               zero     0x1fff0e7c     0x4  CCD.o [1]
    .bss               zero     0x1fff0e80     0x4  system_MK60DZ10.o [1]
    .bss               zero     0x1fff0e84     0x4  system_MK60DZ10.o [1]
    .bss               zero     0x1fff0e88     0x4  system_MK60DZ10.o [1]
    .bss               zero     0x1fff0e8c    0x50  xfiles.o [3]
    .bss               zero     0x1fff0edc     0x1  CCD.o [1]
    .bss               zero     0x1fff0edd     0x1  main.o [1]
    .bss               zero     0x1fff0ede     0x1  main.o [1]
  P2 s0                         0x1fff0ee0    0x88  <Init block>
    __DLIB_PERTHREAD   inited   0x1fff0ee0    0x88  localeconv.o [3]
                              - 0x1fff0f68   0xb58


*******************************************************************************
*** INIT TABLE
***

          Address     Size
          -------     ----
Zero (__iar_zero_init3)
    1 destination range, total size 0xe7:
          0x1fff0df8  0xe7



*******************************************************************************
*** MODULE SUMMARY
***

    Module                 ro code  rw code  ro data  rw data
    ------                 -------  -------  -------  -------
C:\Users\Tang\Desktop\k60\山外K60参考代码V5.3（支持FX、FN和DNZ）\书外的参考例程\LCD_线性CCD_无线传输\线性CCD模块（可按键调试）\Prj\IAR\FN15_Debug\Obj: [1]
    CCD.o                      396                        137
    MK60_PIT.o                 124               148
    MK60_SysTick.o             100               152
    MK60_adc.o                 696               156        8
    MK60_conf.o                320             1 948    1 800
    MK60_flash.o                        400      552
    MK60_gpio.o                296               168       20
    MK60_mcg.o                 980       80      172       92
    MK60_port.o                176                20       20
    MK60_uart.o                624               172       24
    MK60_wdog.o                 64
    VCAN_LED.o                 112                 4        4
    VCAN_computer.o             64                 4
    VCAN_key.o                 156                 8        8
    main.o                     284                 8        2
    misc.o                      80               144
    startup_MK60DZ10.o           8
    system_MK60DZ10.o          304                         12
    vectors.o                                  1 040
    ---------------------------------------------------------
    Total:                   4 784      480    4 696    2 127

command line: [2]
    ---------------------------------------------------------
    Total:

dl7M_tlf.a: [3]
    div.o                       14
    exit.o                       4
    localeconv.o               108               136      136
    low_level_init.o             4
    printf.o                    36
    putchar.o                   12
    xfiles.o                                      64      144
    xprintflarge_nomb.o      3 054
    xprout.o                    22
    xtls.o                       2
    ---------------------------------------------------------
    Total:                   3 256               200      280

m7M_tlv.a: [4]
    DblAdd.o                   212
    DblCmpLe.o                  46
    DblDiv.o                   582
    DblMul.o                   418
    DblSub.o                   384
    DblToI32.o                  44
    I32ToDbl.o                  28
    fpinit_M.o                  34
    xdnorm.o                    66
    ---------------------------------------------------------
    Total:                   1 814

rt7M_tl.a: [5]
    ABImemcpy_unaligned.o      118
    I64DivMod.o                238
    I64DivZer.o                  2
    XXexit.o                    12
    cexit.o                     10
    cmain.o                     26
    cstartup_M.o                12
    data_init.o                 40
    memchr.o                    88
    strchr.o                    22
    strlen.o                    54
    zero_init3.o                34
    ---------------------------------------------------------
    Total:                     656

    Gaps                        18                 2
    Linker created              24       16       32
-------------------------------------------------------------
    Grand Total:            10 552      496    4 930    2 407


*******************************************************************************
*** ENTRY LIST
***

Entry                      Address   Size  Type      Object
-----                      -------   ----  ----      ------
.bss$$Base              0x1fff0df8          --   Gb  - Linker created -
.bss$$Limit             0x1fff0ee0          --   Gb  - Linker created -
.data$$Base             0x1fff0410          --   Gb  - Linker created -
.data$$Limit            0x1fff0c08          --   Gb  - Linker created -
.data_init$$Base        0x000019b4          --   Gb  - Linker created -
.data_init$$Limit       0x000021ac          --   Gb  - Linker created -
?main                   0x00003b6d         Code  Gb  cmain.o [5]
ADCN                    0x1fff0410    0x8  Data  Gb  MK60_adc.o [1]
ASSERT_FAILED_STR       0x00003af4   0x24  Data  Gb  MK60_conf.o [1]
CCD_AVG                 0x1fff0e7c    0x4  Data  Gb  CCD.o [1]
CCD_AVG_E               0x1fff0e78    0x4  Data  Gb  CCD.o [1]
CCD_BUFF                0x1fff0df8   0x80  Data  Gb  CCD.o [1]
CCD_TSL1401             0x000031e1   0x78  Code  Gb  CCD.o [1]
CalculateIntegrationTime
                        0x00003259   0x76  Code  Gb  CCD.o [1]
CodeRelocate$$Base      0x00002f6c          --   Gb  - Linker created -
CodeRelocate$$Limit     0x0000315c          --   Gb  - Linker created -
CodeRelocateRam$$Base   0x1fff0c08          --   Gb  - Linker created -
CodeRelocateRam$$Limit  0x1fff0df8          --   Gb  - Linker created -
Dly_us                  0x0000315d   0x18  Code  Gb  CCD.o [1]
GPIOX                   0x1fff0b20   0x14  Data  Gb  MK60_gpio.o [1]
Integration             0x00003175   0x6c  Code  Gb  CCD.o [1]
IntegrationTime         0x1fff0edc    0x1  Data  Gb  CCD.o [1]
KEY_PTxn                0x1fff0bbc    0x8  Data  Gb  VCAN_key.o [1]
LED_PTxn                0x1fff0bc4    0x4  Data  Gb  VCAN_LED.o [1]
LoadInt                 0x00000993   0x6e  Code  Lc  xprintflarge_nomb.o [3]
NVIC_EnableIRQ          0x00003459   0x14  Code  Lc  main.o [1]
NVIC_SystemReset        0x00002851   0x1a  Code  Lc  MK60_conf.o [1]
PIT0_IRQHandler         0x00003505   0x50  Code  Gb  main.o [1]
PORTX                   0x1fff0b90   0x14  Data  Gb  MK60_port.o [1]
Region$$Table$$Base     0x00003b3c          --   Gb  - Linker created -
Region$$Table$$Limit    0x00003b4c          --   Gb  - Linker created -
Reset_Handler           0x00000411         Code  Gb  startup_MK60DZ10.o [1]
UARTN                   0x1fff0ba4   0x18  Data  Gb  MK60_uart.o [1]
_GenldLargeNoMb         0x00000d89  0x236  Code  Lc  xprintflarge_nomb.o [3]
_LdtobLargeNoMb         0x00000b09  0x27a  Code  Lc  xprintflarge_nomb.o [3]
_LitobLargeNoMb         0x00000a01  0x106  Code  Lc  xprintflarge_nomb.o [3]
_Locale_aeabi_lconv     0x1fff0f30   0x38  Data  Gb  localeconv.o [3]
_Locale_lconv           0x1fff0ee0   0x50  Data  Gb  localeconv.o [3]
_PrintfLargeNoMb        0x00000419  0x574  Code  Gb  xprintflarge_nomb.o [3]
_Prout                  0x00003ba9   0x16  Code  Gb  xprout.o [3]
_PutcharsLargeNoMb      0x00000fbf   0x2e  Code  Lc  xprintflarge_nomb.o [3]
__BOOT_STACK_ADDRESS {Abs}
                        0x2000fff8          --   Gb  command line/config [2]
__VECTOR_RAM {Abs}      0x1fff0000          --   Gb  command line/config [2]
__VECTOR_TABLE {Abs}    0x00000000          --   Gb  command line/config [2]
__aeabi_cdcmple         0x00001279         Code  Gb  DblCmpLe.o [4]
__aeabi_d2uiz           0x00001695         Code  Gb  DblToI32.o [4]
__aeabi_ddiv            0x0000144d         Code  Gb  DblDiv.o [4]
__aeabi_dmul            0x000012a9         Code  Gb  DblMul.o [4]
__aeabi_dsub            0x000016dd         Code  Gb  DblSub.o [4]
__aeabi_ldiv0           0x000018d9         Code  Gb  I64DivZer.o [5]
__aeabi_ui2d            0x000016c1         Code  Gb  I32ToDbl.o [4]
__aeabi_uldivmod        0x000010d1         Code  Gb  I64DivMod.o [5]
__cmain                 0x00003b6d         Code  Gb  cmain.o [5]
__code_start__ {Abs}    0x00000410          --   Gb  command line/config [2]
__exit                  0x00003b9d         Code  Gb  XXexit.o [5]
__iar_Dnorm             0x00001237   0x42  Code  Gb  xdnorm.o [4]
__iar_Locale_lconv_init
                        0x0000185d   0x3a  Code  Gb  localeconv.o [3]
__iar_Memchr            0x00001079         Code  Gb  memchr.o [5]
__iar_Stdout            0x1fff0bc8   0x40  Data  Gb  xfiles.o [3]
__iar_Strchr            0x00001029         Code  Gb  strchr.o [5]
__iar_d2uiz             0x000016a1         Code  Gb  DblToI32.o [4]
__iar_dadd              0x000018dd         Code  Gb  DblAdd.o [4]
__iar_data_init3        0x00003acd   0x28  Code  Gb  data_init.o [5]
__iar_dlib_perthread_access
                        0x000019b1    0x2  Code  Gb  xtls.o [3]
__iar_dsub              0x000016f1         Code  Gb  DblSub.o [4]
__iar_dsubStart         0x00001703         Code  Gb  DblSub.o [4]
__iar_init_vfp          0x00003b19         Code  Gb  fpinit_M.o [4]
__iar_program_start     0x00003be1         Code  Gb  cstartup_M.o [5]
__iar_ui2d              0x000016c5         Code  Gb  I32ToDbl.o [4]
__iar_unaligned___aeabi_memcpy
                        0x000011c1         Code  Gb  ABImemcpy_unaligned.o [5]
__iar_unaligned___aeabi_memcpy4
                        0x000011e1         Code  Gb  ABImemcpy_unaligned.o [5]
__iar_unaligned___aeabi_memcpy8
                        0x000011e1         Code  Gb  ABImemcpy_unaligned.o [5]
__iar_zero_init3        0x00001007   0x22  Code  Gb  zero_init3.o [5]
__low_level_init        0x00003b87    0x4  Code  Gb  low_level_init.o [3]
__vector_table          0x00000000  0x410  Data  Gb  vectors.o [1]
_call_main              0x00003b79         Code  Gb  cmain.o [5]
_exit                   0x00003b91         Code  Gb  cexit.o [5]
_main                   0x00003b83         Code  Gb  cmain.o [5]
adc_init                0x00002589  0x20e  Code  Gb  MK60_adc.o [1]
adc_once                0x00002797   0x50  Code  Gb  MK60_adc.o [1]
adc_start               0x000027e7   0x44  Code  Lc  MK60_adc.o [1]
assert_failed           0x0000286b   0x26  Code  Gb  MK60_conf.o [1]
bus_clk_khz             0x1fff0e88    0x4  Data  Gb  system_MK60DZ10.o [1]
common_startup          0x00003347   0x98  Code  Gb  system_MK60DZ10.o [1]
core_clk_khz            0x1fff0e80    0x4  Data  Gb  system_MK60DZ10.o [1]
core_clk_mhz            0x1fff0e84    0x4  Data  Gb  system_MK60DZ10.o [1]
default_isr             0x0000293f   0x30  Code  Gb  MK60_conf.o [1]
div                     0x000018c9    0xe  Code  Gb  div.o [3]
exit                    0x00003b8b    0x4  Code  Gb  exit.o [3]
flash_cmd               0x1fff0c19   0x20  Code  Gb  MK60_flash.o [1]
flash_erase_sector      0x1fff0c5d   0x5c  Code  Gb  MK60_flash.o [1]
flash_init              0x1fff0c39   0x24  Code  Gb  MK60_flash.o [1]
flash_write             0x1fff0cb9   0xb4  Code  Gb  MK60_flash.o [1]
fputc                   0x00002891   0x14  Code  Gb  MK60_conf.o [1]
gpio_get                0x00002f2b   0x3a  Code  Gb  MK60_gpio.o [1]
gpio_init               0x00002e45   0xae  Code  Gb  MK60_gpio.o [1]
gpio_turn               0x00002ef3   0x38  Code  Gb  MK60_gpio.o [1]
i                       0x1fff0edd    0x1  Data  Gb  main.o [1]
init                    0x0000346d   0x4c  Code  Gb  main.o [1]
key_check               0x00002e15   0x2a  Code  Gb  VCAN_key.o [1]
key_get                 0x00002dfb   0x1a  Code  Gb  VCAN_key.o [1]
key_init                0x00002da9   0x52  Code  Gb  VCAN_key.o [1]
led_init                0x00002a41   0x3a  Code  Gb  VCAN_LED.o [1]
led_turn                0x00002a7b   0x32  Code  Gb  VCAN_LED.o [1]
localeconv              0x00001897   0x16  Code  Gb  localeconv.o [3]
main                    0x000034b9   0x4a  Code  Gb  main.o [1]
mcg_cfg                 0x1fff0b34   0x58  Data  Gb  MK60_mcg.o [1]
mcg_div                 0x1fff0b8c    0x4  Data  Gb  MK60_mcg.o [1]
mcg_div_count           0x000021b5  0x304  Code  Gb  MK60_mcg.o [1]
memchr                  0x00001079         Code  Gb  memchr.o [5]
obuf                    0x1fff0e8c   0x50  Data  Lc  xfiles.o [3]
pit_init                0x000035c5   0x6c  Code  Gb  MK60_PIT.o [1]
pll_init                0x000024b9   0xb2  Code  Gb  MK60_mcg.o [1]
port_init               0x00002991   0x44  Code  Gb  MK60_port.o [1]
port_init_NoALT         0x000029d5   0x62  Code  Gb  MK60_port.o [1]
printf                  0x00002ab1   0x24  Code  Gb  printf.o [3]
putchar                 0x00003bc1    0xc  Code  Gb  putchar.o [3]
set_sys_dividers        0x1fff0da9   0x50  Code  Gb  MK60_mcg.o [1]
set_vector_handler      0x00003597   0x22  Code  Gb  misc.o [1]
start                   0x000032e9   0x22  Code  Gb  system_MK60DZ10.o [1]
start_check             0x000028a5   0x9a  Code  Gb  MK60_conf.o [1]
strchr                  0x00001029         Code  Gb  strchr.o [5]
strlen                  0x00001041         Code  Gb  strlen.o [5]
sysinit                 0x0000330b   0x3c  Code  Gb  system_MK60DZ10.o [1]
systick_delay           0x00002ad5   0x36  Code  Gb  MK60_SysTick.o [1]
systick_delay_ms        0x00002b0b   0x18  Code  Gb  MK60_SysTick.o [1]
uart_init               0x00002b39  0x218  Code  Gb  MK60_uart.o [1]
uart_putbuff            0x00002d6b   0x24  Code  Gb  MK60_uart.o [1]
uart_putchar            0x00002d51   0x1a  Code  Gb  MK60_uart.o [1]
vcan_sendccd            0x00003641   0x38  Code  Gb  VCAN_computer.o [1]
vector_str              0x1fff0418  0x708  Data  Gb  MK60_conf.o [1]
wdog_disable            0x00003419   0x16  Code  Gb  MK60_wdog.o [1]
wdog_unlock             0x0000342f   0x20  Code  Lc  MK60_wdog.o [1]
write_vtor              0x00003575   0x22  Code  Gb  misc.o [1]


[1] = C:\Users\Tang\Desktop\k60\山外K60参考代码V5.3（支持FX、FN和DNZ）\书外的参考例程\LCD_线性CCD_无线传输\线性CCD模块（可按键调试）\Prj\IAR\FN15_Debug\Obj
[2] = command line
[3] = dl7M_tlf.a
[4] = m7M_tlv.a
[5] = rt7M_tl.a

  10 552 bytes of readonly  code memory
     496 bytes of readwrite code memory
   4 930 bytes of readonly  data memory
   2 407 bytes of readwrite data memory

Errors: none
Warnings: none
