###############################################################################
#
# IAR ELF Linker V7.30.1.7746/W32 for ARM                 01/May/2016  20:51:31
# Copyright 2007-2014 IAR Systems AB.
#
#    Output file  =  
#        C:\Users\Tang\Desktop\k60\山外K60参考代码V5.3（支持FX、FN和DNZ）\书外的参考例程\LCD_线性CCD_无线传输\小车程序\Prj\IAR\FX15_Release\Exe\vcan_Kinetis.out
#    Map file     =  
#        C:\Users\Tang\Desktop\k60\山外K60参考代码V5.3（支持FX、FN和DNZ）\书外的参考例程\LCD_线性CCD_无线传输\小车程序\Prj\IAR\FX15_Release\List\vcan_Kinetis.map
#    Command line =  
#        C:\Users\Tang\Desktop\k60\山外K60参考代码V5.3（支持FX、FN和DNZ）\书外的参考例程\LCD_线性CCD_无线传输\小车程序\Prj\IAR\FX15_Release\Obj\CCD.o
#        C:\Users\Tang\Desktop\k60\山外K60参考代码V5.3（支持FX、FN和DNZ）\书外的参考例程\LCD_线性CCD_无线传输\小车程序\Prj\IAR\FX15_Release\Obj\Direction.o
#        C:\Users\Tang\Desktop\k60\山外K60参考代码V5.3（支持FX、FN和DNZ）\书外的参考例程\LCD_线性CCD_无线传输\小车程序\Prj\IAR\FX15_Release\Obj\diskio.o
#        C:\Users\Tang\Desktop\k60\山外K60参考代码V5.3（支持FX、FN和DNZ）\书外的参考例程\LCD_线性CCD_无线传输\小车程序\Prj\IAR\FX15_Release\Obj\ff.o
#        C:\Users\Tang\Desktop\k60\山外K60参考代码V5.3（支持FX、FN和DNZ）\书外的参考例程\LCD_线性CCD_无线传输\小车程序\Prj\IAR\FX15_Release\Obj\Global.o
#        C:\Users\Tang\Desktop\k60\山外K60参考代码V5.3（支持FX、FN和DNZ）\书外的参考例程\LCD_线性CCD_无线传输\小车程序\Prj\IAR\FX15_Release\Obj\main.o
#        C:\Users\Tang\Desktop\k60\山外K60参考代码V5.3（支持FX、FN和DNZ）\书外的参考例程\LCD_线性CCD_无线传输\小车程序\Prj\IAR\FX15_Release\Obj\misc.o
#        C:\Users\Tang\Desktop\k60\山外K60参考代码V5.3（支持FX、FN和DNZ）\书外的参考例程\LCD_线性CCD_无线传输\小车程序\Prj\IAR\FX15_Release\Obj\MK60_adc.o
#        C:\Users\Tang\Desktop\k60\山外K60参考代码V5.3（支持FX、FN和DNZ）\书外的参考例程\LCD_线性CCD_无线传输\小车程序\Prj\IAR\FX15_Release\Obj\MK60_can.o
#        C:\Users\Tang\Desktop\k60\山外K60参考代码V5.3（支持FX、FN和DNZ）\书外的参考例程\LCD_线性CCD_无线传输\小车程序\Prj\IAR\FX15_Release\Obj\MK60_conf.o
#        C:\Users\Tang\Desktop\k60\山外K60参考代码V5.3（支持FX、FN和DNZ）\书外的参考例程\LCD_线性CCD_无线传输\小车程序\Prj\IAR\FX15_Release\Obj\MK60_dac.o
#        C:\Users\Tang\Desktop\k60\山外K60参考代码V5.3（支持FX、FN和DNZ）\书外的参考例程\LCD_线性CCD_无线传输\小车程序\Prj\IAR\FX15_Release\Obj\MK60_dma.o
#        C:\Users\Tang\Desktop\k60\山外K60参考代码V5.3（支持FX、FN和DNZ）\书外的参考例程\LCD_线性CCD_无线传输\小车程序\Prj\IAR\FX15_Release\Obj\MK60_DWT.o
#        C:\Users\Tang\Desktop\k60\山外K60参考代码V5.3（支持FX、FN和DNZ）\书外的参考例程\LCD_线性CCD_无线传输\小车程序\Prj\IAR\FX15_Release\Obj\MK60_flash.o
#        C:\Users\Tang\Desktop\k60\山外K60参考代码V5.3（支持FX、FN和DNZ）\书外的参考例程\LCD_线性CCD_无线传输\小车程序\Prj\IAR\FX15_Release\Obj\MK60_flexbus.o
#        C:\Users\Tang\Desktop\k60\山外K60参考代码V5.3（支持FX、FN和DNZ）\书外的参考例程\LCD_线性CCD_无线传输\小车程序\Prj\IAR\FX15_Release\Obj\MK60_ftm.o
#        C:\Users\Tang\Desktop\k60\山外K60参考代码V5.3（支持FX、FN和DNZ）\书外的参考例程\LCD_线性CCD_无线传输\小车程序\Prj\IAR\FX15_Release\Obj\MK60_gpio.o
#        C:\Users\Tang\Desktop\k60\山外K60参考代码V5.3（支持FX、FN和DNZ）\书外的参考例程\LCD_线性CCD_无线传输\小车程序\Prj\IAR\FX15_Release\Obj\MK60_i2c.o
#        C:\Users\Tang\Desktop\k60\山外K60参考代码V5.3（支持FX、FN和DNZ）\书外的参考例程\LCD_线性CCD_无线传输\小车程序\Prj\IAR\FX15_Release\Obj\MK60_it.o
#        C:\Users\Tang\Desktop\k60\山外K60参考代码V5.3（支持FX、FN和DNZ）\书外的参考例程\LCD_线性CCD_无线传输\小车程序\Prj\IAR\FX15_Release\Obj\MK60_lptmr.o
#        C:\Users\Tang\Desktop\k60\山外K60参考代码V5.3（支持FX、FN和DNZ）\书外的参考例程\LCD_线性CCD_无线传输\小车程序\Prj\IAR\FX15_Release\Obj\MK60_mcg.o
#        C:\Users\Tang\Desktop\k60\山外K60参考代码V5.3（支持FX、FN和DNZ）\书外的参考例程\LCD_线性CCD_无线传输\小车程序\Prj\IAR\FX15_Release\Obj\MK60_PIT.o
#        C:\Users\Tang\Desktop\k60\山外K60参考代码V5.3（支持FX、FN和DNZ）\书外的参考例程\LCD_线性CCD_无线传输\小车程序\Prj\IAR\FX15_Release\Obj\MK60_port.o
#        C:\Users\Tang\Desktop\k60\山外K60参考代码V5.3（支持FX、FN和DNZ）\书外的参考例程\LCD_线性CCD_无线传输\小车程序\Prj\IAR\FX15_Release\Obj\MK60_rtc.o
#        C:\Users\Tang\Desktop\k60\山外K60参考代码V5.3（支持FX、FN和DNZ）\书外的参考例程\LCD_线性CCD_无线传输\小车程序\Prj\IAR\FX15_Release\Obj\MK60_sdhc.o
#        C:\Users\Tang\Desktop\k60\山外K60参考代码V5.3（支持FX、FN和DNZ）\书外的参考例程\LCD_线性CCD_无线传输\小车程序\Prj\IAR\FX15_Release\Obj\MK60_spi.o
#        C:\Users\Tang\Desktop\k60\山外K60参考代码V5.3（支持FX、FN和DNZ）\书外的参考例程\LCD_线性CCD_无线传输\小车程序\Prj\IAR\FX15_Release\Obj\MK60_SysTick.o
#        C:\Users\Tang\Desktop\k60\山外K60参考代码V5.3（支持FX、FN和DNZ）\书外的参考例程\LCD_线性CCD_无线传输\小车程序\Prj\IAR\FX15_Release\Obj\MK60_uart.o
#        C:\Users\Tang\Desktop\k60\山外K60参考代码V5.3（支持FX、FN和DNZ）\书外的参考例程\LCD_线性CCD_无线传输\小车程序\Prj\IAR\FX15_Release\Obj\MK60_usb.o
#        C:\Users\Tang\Desktop\k60\山外K60参考代码V5.3（支持FX、FN和DNZ）\书外的参考例程\LCD_线性CCD_无线传输\小车程序\Prj\IAR\FX15_Release\Obj\MK60_wdog.o
#        C:\Users\Tang\Desktop\k60\山外K60参考代码V5.3（支持FX、FN和DNZ）\书外的参考例程\LCD_线性CCD_无线传输\小车程序\Prj\IAR\FX15_Release\Obj\OLED.o
#        C:\Users\Tang\Desktop\k60\山外K60参考代码V5.3（支持FX、FN和DNZ）\书外的参考例程\LCD_线性CCD_无线传输\小车程序\Prj\IAR\FX15_Release\Obj\Speed.o
#        C:\Users\Tang\Desktop\k60\山外K60参考代码V5.3（支持FX、FN和DNZ）\书外的参考例程\LCD_线性CCD_无线传输\小车程序\Prj\IAR\FX15_Release\Obj\startup_MK60DZ10.o
#        C:\Users\Tang\Desktop\k60\山外K60参考代码V5.3（支持FX、FN和DNZ）\书外的参考例程\LCD_线性CCD_无线传输\小车程序\Prj\IAR\FX15_Release\Obj\system_MK60DZ10.o
#        C:\Users\Tang\Desktop\k60\山外K60参考代码V5.3（支持FX、FN和DNZ）\书外的参考例程\LCD_线性CCD_无线传输\小车程序\Prj\IAR\FX15_Release\Obj\USB.o
#        C:\Users\Tang\Desktop\k60\山外K60参考代码V5.3（支持FX、FN和DNZ）\书外的参考例程\LCD_线性CCD_无线传输\小车程序\Prj\IAR\FX15_Release\Obj\USB_CDC.o
#        C:\Users\Tang\Desktop\k60\山外K60参考代码V5.3（支持FX、FN和DNZ）\书外的参考例程\LCD_线性CCD_无线传输\小车程序\Prj\IAR\FX15_Release\Obj\VCAN_ASCII.o
#        C:\Users\Tang\Desktop\k60\山外K60参考代码V5.3（支持FX、FN和DNZ）\书外的参考例程\LCD_线性CCD_无线传输\小车程序\Prj\IAR\FX15_Release\Obj\VCAN_BMP.o
#        C:\Users\Tang\Desktop\k60\山外K60参考代码V5.3（支持FX、FN和DNZ）\书外的参考例程\LCD_线性CCD_无线传输\小车程序\Prj\IAR\FX15_Release\Obj\VCAN_camera.o
#        C:\Users\Tang\Desktop\k60\山外K60参考代码V5.3（支持FX、FN和DNZ）\书外的参考例程\LCD_线性CCD_无线传输\小车程序\Prj\IAR\FX15_Release\Obj\VCAN_computer.o
#        C:\Users\Tang\Desktop\k60\山外K60参考代码V5.3（支持FX、FN和DNZ）\书外的参考例程\LCD_线性CCD_无线传输\小车程序\Prj\IAR\FX15_Release\Obj\vcan_img2sd.o
#        C:\Users\Tang\Desktop\k60\山外K60参考代码V5.3（支持FX、FN和DNZ）\书外的参考例程\LCD_线性CCD_无线传输\小车程序\Prj\IAR\FX15_Release\Obj\VCAN_key.o
#        C:\Users\Tang\Desktop\k60\山外K60参考代码V5.3（支持FX、FN和DNZ）\书外的参考例程\LCD_线性CCD_无线传输\小车程序\Prj\IAR\FX15_Release\Obj\VCAN_key_event.o
#        C:\Users\Tang\Desktop\k60\山外K60参考代码V5.3（支持FX、FN和DNZ）\书外的参考例程\LCD_线性CCD_无线传输\小车程序\Prj\IAR\FX15_Release\Obj\VCAN_LCD.o
#        C:\Users\Tang\Desktop\k60\山外K60参考代码V5.3（支持FX、FN和DNZ）\书外的参考例程\LCD_线性CCD_无线传输\小车程序\Prj\IAR\FX15_Release\Obj\VCAN_LCD_CH.o
#        C:\Users\Tang\Desktop\k60\山外K60参考代码V5.3（支持FX、FN和DNZ）\书外的参考例程\LCD_线性CCD_无线传输\小车程序\Prj\IAR\FX15_Release\Obj\VCAN_LCD_ILI9341.o
#        C:\Users\Tang\Desktop\k60\山外K60参考代码V5.3（支持FX、FN和DNZ）\书外的参考例程\LCD_线性CCD_无线传输\小车程序\Prj\IAR\FX15_Release\Obj\VCAN_LCD_ST7735R.o
#        C:\Users\Tang\Desktop\k60\山外K60参考代码V5.3（支持FX、FN和DNZ）\书外的参考例程\LCD_线性CCD_无线传输\小车程序\Prj\IAR\FX15_Release\Obj\VCAN_LCD_ST7735S.o
#        C:\Users\Tang\Desktop\k60\山外K60参考代码V5.3（支持FX、FN和DNZ）\书外的参考例程\LCD_线性CCD_无线传输\小车程序\Prj\IAR\FX15_Release\Obj\VCAN_LED.o
#        C:\Users\Tang\Desktop\k60\山外K60参考代码V5.3（支持FX、FN和DNZ）\书外的参考例程\LCD_线性CCD_无线传输\小车程序\Prj\IAR\FX15_Release\Obj\VCAN_MMA7455.o
#        C:\Users\Tang\Desktop\k60\山外K60参考代码V5.3（支持FX、FN和DNZ）\书外的参考例程\LCD_线性CCD_无线传输\小车程序\Prj\IAR\FX15_Release\Obj\VCAN_NRF24L0.o
#        C:\Users\Tang\Desktop\k60\山外K60参考代码V5.3（支持FX、FN和DNZ）\书外的参考例程\LCD_线性CCD_无线传输\小车程序\Prj\IAR\FX15_Release\Obj\VCAN_NRF24L0_MSG.o
#        C:\Users\Tang\Desktop\k60\山外K60参考代码V5.3（支持FX、FN和DNZ）\书外的参考例程\LCD_线性CCD_无线传输\小车程序\Prj\IAR\FX15_Release\Obj\VCAN_OV7725_Eagle.o
#        C:\Users\Tang\Desktop\k60\山外K60参考代码V5.3（支持FX、FN和DNZ）\书外的参考例程\LCD_线性CCD_无线传输\小车程序\Prj\IAR\FX15_Release\Obj\VCAN_OV7725_Wolf.o
#        C:\Users\Tang\Desktop\k60\山外K60参考代码V5.3（支持FX、FN和DNZ）\书外的参考例程\LCD_线性CCD_无线传输\小车程序\Prj\IAR\FX15_Release\Obj\VCAN_RTC_count.o
#        C:\Users\Tang\Desktop\k60\山外K60参考代码V5.3（支持FX、FN和DNZ）\书外的参考例程\LCD_线性CCD_无线传输\小车程序\Prj\IAR\FX15_Release\Obj\VCAN_SCCB.o
#        C:\Users\Tang\Desktop\k60\山外K60参考代码V5.3（支持FX、FN和DNZ）\书外的参考例程\LCD_线性CCD_无线传输\小车程序\Prj\IAR\FX15_Release\Obj\vcan_sd_app.o
#        C:\Users\Tang\Desktop\k60\山外K60参考代码V5.3（支持FX、FN和DNZ）\书外的参考例程\LCD_线性CCD_无线传输\小车程序\Prj\IAR\FX15_Release\Obj\Vcan_touch.o
#        C:\Users\Tang\Desktop\k60\山外K60参考代码V5.3（支持FX、FN和DNZ）\书外的参考例程\LCD_线性CCD_无线传输\小车程序\Prj\IAR\FX15_Release\Obj\VCAN_TSL1401.o
#        C:\Users\Tang\Desktop\k60\山外K60参考代码V5.3（支持FX、FN和DNZ）\书外的参考例程\LCD_线性CCD_无线传输\小车程序\Prj\IAR\FX15_Release\Obj\VCAN_UI_VAR.o
#        C:\Users\Tang\Desktop\k60\山外K60参考代码V5.3（支持FX、FN和DNZ）\书外的参考例程\LCD_线性CCD_无线传输\小车程序\Prj\IAR\FX15_Release\Obj\vectors.o
#        --redirect _Printf=_PrintfLargeNoMb --redirect _Scanf=_ScanfLargeNoMb
#        -o
#        C:\Users\Tang\Desktop\k60\山外K60参考代码V5.3（支持FX、FN和DNZ）\书外的参考例程\LCD_线性CCD_无线传输\小车程序\Prj\IAR\FX15_Release\Exe\vcan_Kinetis.out
#        --map
#        C:\Users\Tang\Desktop\k60\山外K60参考代码V5.3（支持FX、FN和DNZ）\书外的参考例程\LCD_线性CCD_无线传输\小车程序\Prj\IAR\FX15_Release\List\vcan_Kinetis.map
#        --config
#        "C:\Users\Tang\Desktop\k60\山外K60参考代码V5.3（支持FX、FN和DNZ）\书外的参考例程\LCD_线性CCD_无线传输\小车程序\Prj\IAR\config
#        files\vcan_ROM_K60N512.icf"
#        C:\Users\Tang\Desktop\k60\山外K60参考代码V5.3（支持FX、FN和DNZ）\书外的参考例程\LCD_线性CCD_无线传输\小车程序\Prj\IAR\..\..\Lib\CMSIS\iar_cortexM4l_math.a
#        --entry __iar_program_start --redirect __write=__write_buffered
#        --inline --vfe
#
###############################################################################

*******************************************************************************
*** RUNTIME MODEL ATTRIBUTES
***

CppFlavor       = *
__SystemLibrary = DLib


*******************************************************************************
*** PLACEMENT SUMMARY
***

"A1":  place at 0x00000000 { ro section .intvec };
"A2":  place at 0x00000410 { ro section .noinit };
"P1":  place in [from 0x00000000 to 0x00080000] { ro, block CodeRelocate };
"P2":  place in [from 0x1fff0410 to 0x20010000] {
          rw, block CodeRelocateRam, block CSTACK, block HEAP };

  Section              Kind        Address    Size  Object
  -------              ----        -------    ----  ------
"A1":                                        0x410
  .intvec              const    0x00000000   0x410  vectors.o [1]
                              - 0x00000410   0x410

"P1", part 1 of 2:                             0x0
  .rodata              const    0x00000410     0x0  zero_init3.o [5]

"A2":                                          0x8
  .noinit              ro code  0x00000410     0x8  startup_MK60DZ10.o [1]
                              - 0x00000418     0x8

"P1", part 2 of 2:                          0x3b4c
  .text                ro code  0x00000418   0x950  OLED.o [1]
  .text                ro code  0x00000d68    0x60  MK60_gpio.o [1]
  .text                ro code  0x00000dc8    0x3c  MK60_port.o [1]
  .text                ro code  0x00000e04   0x81c  Global.o [1]
  .text                ro code  0x00001620   0x128  MK60_adc.o [1]
  .text                ro code  0x00001748    0x3c  MK60_PIT.o [1]
  .text                ro code  0x00001784   0x288  MK60_ftm.o [1]
  .text                ro code  0x00001a0c    0x34  MK60_SysTick.o [1]
  .text                ro code  0x00001a40   0x370  Speed.o [1]
  .text                ro code  0x00001db0    0x4e  FltToDbl.o [4]
  .text                ro code  0x00001dfe    0x22  zero_init3.o [5]
  .text                ro code  0x00001e20    0xe8  DblAdd.o [4]
  .text                ro code  0x00001f08    0x90  DblToFlt.o [4]
  .text                ro code  0x00001f98   0x1a2  DblMul.o [4]
  .text                ro code  0x0000213c   0x246  DblDiv.o [4]
  .text                ro code  0x00002384   0x394  tan.o [4]
  .text                ro code  0x00002718    0x30  I32ToDbl.o [4]
  .text                ro code  0x00002748   0x180  DblSub.o [4]
  .text                ro code  0x000028c8    0x4c  DblToI32.o [4]
  .text                ro code  0x00002914    0x2e  DblCmpLe.o [4]
  .text                ro code  0x00002944    0x2e  DblCmpGe.o [4]
  .text                ro code  0x00002974   0x168  xquad.o [4]
  .text                ro code  0x00002adc     0xc  errno.o [3]
  .text                ro code  0x00002ae8    0x7e  xdint.o [4]
  .text                ro code  0x00002b68    0x20  DblCmpEq.o [4]
  .text                ro code  0x00002b88   0x1a8  fmod.o [4]
  .text                ro code  0x00002d30     0x2  xtls.o [3]
  .text                ro code  0x00002d34     0xc  iarEdom.o [5]
  .text                ro code  0x00002d40   0x598  Direction.o [1]
  .text                ro code  0x000032d8   0x32c  CCD.o [1]
  .text                ro code  0x00003604    0x76  ABImemcpy_unaligned.o [5]
  .text                ro code  0x0000367c     0x6  ABImemclr4.o [5]
  .text                ro code  0x00003684    0x32  ABImemset48.o [5]
  Veneer               ro code  0x000036b8     0x8  - Linker created -
  .text                ro code  0x000036c0   0x200  MK60_mcg.o [1]
  .text                ro code  0x000038c0   0x188  MK60_it.o [1]
  .text                ro code  0x00003a48   0x158  MK60_uart.o [1]
  .data_init                    0x00003ba0   0x138  <Block>
    Initializer bytes  ro data  0x00003ba0   0x138  <for .data-1>
  .text                ro code  0x00003cd8    0xd8  system_MK60DZ10.o [1]
  .text                ro code  0x00003db0    0x2c  MK60_wdog.o [1]
  .text                ro code  0x00003ddc    0x24  main.o [1]
  .text                ro code  0x00003e00    0x18  misc.o [1]
  .text                ro code  0x00003e18     0x6  ABImemclr.o [5]
  .text                ro code  0x00003e20    0x5e  ABImemset.o [5]
  CodeRelocate                  0x00003e80    0x3c  <Block>
    Initializer bytes  ro data  0x00003e80    0x3c  <for CodeRelocateRam-1>
  .text                ro code  0x00003ebc    0x28  data_init.o [5]
  .text                ro code  0x00003ee4    0x22  fpinit_M.o [4]
  .iar.init_table      const    0x00003f08    0x10  - Linker created -
  .text                ro code  0x00003f18    0x1a  cmain.o [5]
  .text                ro code  0x00003f32     0x4  exit.o [3]
  .text                ro code  0x00003f38     0xa  cexit.o [5]
  .text                ro code  0x00003f44     0xc  XXexit.o [5]
  .text                ro code  0x00003f50     0xc  cstartup_M.o [5]
  .text                ro code  0x00003f5c     0x4  MK60_conf.o [1]
  Initializer bytes    ro data  0x00003f60     0x4  <for P2 s0>
                              - 0x00003f64  0x3b4c

"P2":                                        0x2e4
  .data                         0x1fff0410   0x138  <Block>
    .data-1                     0x1fff0410   0x138  <Init block>
      .data            inited   0x1fff0410    0x1c  Direction.o [1]
      .data            inited   0x1fff042c     0x4  Global.o [1]
      .data            inited   0x1fff0430     0x8  MK60_adc.o [1]
      .data            inited   0x1fff0438    0x20  MK60_ftm.o [1]
      .data            inited   0x1fff0458    0x14  MK60_gpio.o [1]
      .data            inited   0x1fff046c    0x58  MK60_mcg.o [1]
      .data            inited   0x1fff04c4     0x4  MK60_mcg.o [1]
      .data            inited   0x1fff04c8    0x14  MK60_port.o [1]
      .data            inited   0x1fff04dc    0x18  MK60_uart.o [1]
      .data            inited   0x1fff04f4    0x54  Speed.o [1]
  CodeRelocateRam               0x1fff0548    0x3c  <Block>
    CodeRelocateRam-1           0x1fff0548    0x3c  <Init block>
      .textrw          inited   0x1fff0548    0x3c  MK60_mcg.o [1]
  .bss                          0x1fff0584   0x16c  <Block>
    .bss               zero     0x1fff0584    0xa8  CCD.o [1]
    .bss               zero     0x1fff062c    0xa8  CCD.o [1]
    .bss               zero     0x1fff06d4     0x8  MK60_it.o [1]
    .bss               zero     0x1fff06dc     0xc  system_MK60DZ10.o [1]
    .bss               zero     0x1fff06e8     0x2  CCD.o [1]
    .bss               zero     0x1fff06ea     0x4  Direction.o [1]
    .bss               zero     0x1fff06ee     0x1  MK60_it.o [1]
  P2 s0                         0x1fff06f0     0x4  <Init block>
    __DLIB_PERTHREAD   inited   0x1fff06f0     0x4  errno.o [3]
                              - 0x1fff06f4   0x2e4


*******************************************************************************
*** INIT TABLE
***

          Address     Size
          -------     ----
Zero (__iar_zero_init3)
    1 destination range, total size 0x16b:
          0x1fff0584  0x16b



*******************************************************************************
*** MODULE SUMMARY
***

    Module                 ro code  rw code  ro data  rw data
    ------                 -------  -------  -------  -------
C:\Users\Tang\Desktop\k60\山外K60参考代码V5.3（支持FX、FN和DNZ）\书外的参考例程\LCD_线性CCD_无线传输\小车程序\Prj\IAR\FX15_Release\Obj: [1]
    CCD.o                      812                        338
    Direction.o              1 432                28       32
    Global.o                 2 076                 4        4
    MK60_PIT.o                  60
    MK60_SysTick.o              52
    MK60_adc.o                 296                 8        8
    MK60_conf.o                  4
    MK60_ftm.o                 648                32       32
    MK60_gpio.o                 96                20       20
    MK60_it.o                  392                          9
    MK60_mcg.o                 512       60      152       92
    MK60_port.o                 60                20       20
    MK60_uart.o                344                24       24
    MK60_wdog.o                 44
    OLED.o                   2 384
    Speed.o                    880                84       84
    main.o                      36
    misc.o                      24
    startup_MK60DZ10.o           8
    system_MK60DZ10.o          216                         12
    vectors.o                                  1 040
    ---------------------------------------------------------
    Total:                  10 376       60    1 412      675

command line: [2]
    ---------------------------------------------------------
    Total:

dl7M_tlf.a: [3]
    errno.o                     12                 4        4
    exit.o                       4
    xtls.o                       2
    ---------------------------------------------------------
    Total:                      18                 4        4

m7M_tlv.a: [4]
    DblAdd.o                   232
    DblCmpEq.o                  32
    DblCmpGe.o                  46
    DblCmpLe.o                  46
    DblDiv.o                   582
    DblMul.o                   418
    DblSub.o                   384
    DblToFlt.o                 144
    DblToI32.o                  76
    FltToDbl.o                  78
    I32ToDbl.o                  48
    fmod.o                     424
    fpinit_M.o                  34
    tan.o                      916
    xdint.o                    126
    xquad.o                    360
    ---------------------------------------------------------
    Total:                   3 946

rt7M_tl.a: [5]
    ABImemclr.o                  6
    ABImemclr4.o                 6
    ABImemcpy_unaligned.o      118
    ABImemset.o                 94
    ABImemset48.o               50
    XXexit.o                    12
    cexit.o                     10
    cmain.o                     26
    cstartup_M.o                12
    data_init.o                 40
    iarEdom.o                   12
    zero_init3.o                34
    ---------------------------------------------------------
    Total:                     420

    Gaps                        24                 2
    Linker created               8                16
-------------------------------------------------------------
    Grand Total:            14 792       60    1 434      679


*******************************************************************************
*** ENTRY LIST
***

Entry                      Address   Size  Type      Object
-----                      -------   ----  ----      ------
.bss$$Base              0x1fff0584          --   Gb  - Linker created -
.bss$$Limit             0x1fff06f0          --   Gb  - Linker created -
.data$$Base             0x1fff0410          --   Gb  - Linker created -
.data$$Limit            0x1fff0548          --   Gb  - Linker created -
.data_init$$Base        0x00003ba0          --   Gb  - Linker created -
.data_init$$Limit       0x00003cd8          --   Gb  - Linker created -
?main                   0x00003f19         Code  Gb  cmain.o [5]
ADCN                    0x1fff0430    0x8  Data  Gb  MK60_adc.o [1]
AUTO_slow               0x000039af   0x72  Code  Gb  MK60_it.o [1]
AnalyzeLine             0x00002e27  0x106  Code  Gb  Direction.o [1]
AnalyzeLine2            0x00002f2d  0x110  Code  Gb  Direction.o [1]
Angle                   0x1fff053c    0x4  Data  Gb  Speed.o [1]
BMQ_read                0x00001d3d   0x32  Code  Gb  Speed.o [1]
Board_Interaction       0x00001219  0x338  Code  Gb  Global.o [1]
CCD_TSL1401             0x000032ed   0xb8  Code  Gb  CCD.o [1]
CCD_display             0x00000687  0x108  Code  Gb  OLED.o [1]
CHASU                   0x1fff0544    0x4  Data  Gb  Speed.o [1]
Cartime                 0x1fff06d4    0x1  Data  Gb  MK60_it.o [1]
CodeRelocate$$Base      0x00003e80          --   Gb  - Linker created -
CodeRelocate$$Limit     0x00003ebc          --   Gb  - Linker created -
CodeRelocateRam$$Base   0x1fff0548          --   Gb  - Linker created -
CodeRelocateRam$$Limit  0x1fff0584          --   Gb  - Linker created -
DirectionPianCha        0x1fff0410    0xc  Data  Gb  Direction.o [1]
Direction_Calculate     0x0000304b  0x112  Code  Gb  Direction.o [1]
Direction_Calculate2    0x0000315d   0x82  Code  Gb  Direction.o [1]
Direction_Control       0x000031e1   0xd8  Code  Gb  Direction.o [1]
Dly_us                  0x000032d9   0x12  Code  Gb  CCD.o [1]
F6x8                    0x00000b40  0x228  Data  Gb  OLED.o [1]
FTMN                    0x1fff0438   0x10  Data  Gb  MK60_ftm.o [1]
FTM_port_mux            0x00001785  0x10e  Code  Lc  MK60_ftm.o [1]
Find_Black_Line         0x00002d41   0xe6  Code  Gb  Direction.o [1]
GPIOX                   0x1fff0458   0x14  Data  Gb  MK60_gpio.o [1]
ImageFilter             0x000033a5   0x7a  Code  Gb  CCD.o [1]
LCD_Fill                0x00000483   0x30  Code  Gb  OLED.o [1]
LCD_Init                0x000004b3   0xf8  Code  Gb  OLED.o [1]
LCD_P6x8Str             0x000005ab   0x7c  Code  Gb  OLED.o [1]
LCD_WrCmd               0x00000451   0x32  Code  Gb  OLED.o [1]
LCD_WrDat               0x00000419   0x38  Code  Gb  OLED.o [1]
LED_P6x8Char            0x00000627   0x60  Code  Gb  OLED.o [1]
LED_PrintValueF         0x000008d5  0x254  Code  Gb  OLED.o [1]
LED_PrintValueFP        0x0000078f  0x144  Code  Gb  OLED.o [1]
L_Speed_err             0x1fff0500    0x8  Data  Gb  Speed.o [1]
L_base_speed            0x1fff0518    0x2  Data  Gb  Speed.o [1]
L_set_speed             0x1fff051c    0x2  Data  Gb  Speed.o [1]
Motor_D                 0x1fff0530    0x4  Data  Gb  Speed.o [1]
Motor_I                 0x1fff052c    0x4  Data  Gb  Speed.o [1]
Motor_P                 0x1fff0528    0x4  Data  Gb  Speed.o [1]
Motor_PID_control       0x00001aa1  0x298  Code  Gb  Speed.o [1]
Other_display           0x0000108b  0x17c  Code  Gb  Global.o [1]
PID_display             0x00000f2f  0x15c  Code  Gb  Global.o [1]
PIT0_IRQHandler         0x000038c1   0xee  Code  Gb  MK60_it.o [1]
PORTX                   0x1fff04c8   0x14  Data  Gb  MK60_port.o [1]
PixelAverage            0x0000341f   0x18  Code  Gb  CCD.o [1]
R_Speed_err             0x1fff0508    0x8  Data  Gb  Speed.o [1]
R_base_speed            0x1fff051a    0x2  Data  Gb  Speed.o [1]
R_set_speed             0x1fff051e    0x2  Data  Gb  Speed.o [1]
Region$$Table$$Base     0x00003f08          --   Gb  - Linker created -
Region$$Table$$Limit    0x00003f18          --   Gb  - Linker created -
Reset_Handler           0x00000411         Code  Gb  startup_MK60DZ10.o [1]
SS                      0x1fff06ee    0x1  Data  Gb  MK60_it.o [1]
Set_Speed               0x00001a41   0x5e  Code  Gb  Speed.o [1]
Speed_err               0x1fff0510    0x8  Data  Gb  Speed.o [1]
Steer_PWM_New           0x1fff0420    0x4  Data  Gb  Direction.o [1]
Steer_PWM_Old           0x1fff041c    0x4  Data  Gb  Direction.o [1]
SteeringD               0x1fff0428    0x4  Data  Gb  Direction.o [1]
SteeringP_1             0x1fff0424    0x4  Data  Gb  Direction.o [1]
Threshold_Calculation   0x00003439  0x1a4  Code  Gb  CCD.o [1]
UARTN                   0x1fff04dc   0x18  Data  Gb  MK60_uart.o [1]
__BOOT_STACK_ADDRESS {Abs}
                        0x2000fff8          --   Gb  command line/config [2]
__VECTOR_RAM {Abs}      0x1fff0000          --   Gb  command line/config [2]
__VECTOR_TABLE {Abs}    0x00000000          --   Gb  command line/config [2]
__aeabi_cdcmpeq         0x00002b69         Code  Gb  DblCmpEq.o [4]
__aeabi_cdcmple         0x00002915         Code  Gb  DblCmpLe.o [4]
__aeabi_cdrcmple        0x00002945         Code  Gb  DblCmpGe.o [4]
__aeabi_d2f             0x00001f09         Code  Gb  DblToFlt.o [4]
__aeabi_d2iz            0x000028c9         Code  Gb  DblToI32.o [4]
__aeabi_dadd            0x00001e21         Code  Gb  DblAdd.o [4]
__aeabi_ddiv            0x0000213d         Code  Gb  DblDiv.o [4]
__aeabi_dmul            0x00001f99         Code  Gb  DblMul.o [4]
__aeabi_dsub            0x00002749         Code  Gb  DblSub.o [4]
__aeabi_errno_addr      0x00002add    0x6  Code  Gb  errno.o [3]
__aeabi_f2d             0x00001db1         Code  Gb  FltToDbl.o [4]
__aeabi_i2d             0x00002719         Code  Gb  I32ToDbl.o [4]
__aeabi_memclr          0x00003e19         Code  Gb  ABImemclr.o [5]
__aeabi_memclr4         0x0000367d         Code  Gb  ABImemclr4.o [5]
__aeabi_ui2d            0x0000272d         Code  Gb  I32ToDbl.o [4]
__cmain                 0x00003f19         Code  Gb  cmain.o [5]
__code_start__ {Abs}    0x00000410          --   Gb  command line/config [2]
__exit                  0x00003f45         Code  Gb  XXexit.o [5]
__iar_Dint              0x00002ae9   0x7e  Code  Gb  xdint.o [4]
__iar_Errno             0x1fff06f0    0x4  Data  Gb  errno.o [3]
__iar_Memset4_word      0x00003685         Code  Gb  ABImemset48.o [5]
__iar_Memset8_word      0x00003685         Code  Gb  ABImemset48.o [5]
__iar_Memset_word       0x00003e21         Code  Gb  ABImemset.o [5]
__iar_Quad              0x00002975  0x12c  Code  Gb  xquad.o [4]
__iar_d2uiz             0x000028f5         Code  Gb  DblToI32.o [4]
__iar_dadd              0x00001e35         Code  Gb  DblAdd.o [4]
__iar_data_init3        0x00003ebd   0x28  Code  Gb  data_init.o [5]
__iar_dlib_perthread_access
                        0x00002d31    0x2  Code  Gb  xtls.o [3]
__iar_dsub              0x0000275d         Code  Gb  DblSub.o [4]
__iar_dsubStart         0x0000276f         Code  Gb  DblSub.o [4]
__iar_edom              0x00002d35         Code  Gb  iarEdom.o [5]
__iar_fmod              0x00002b89         Code  Gb  fmod.o [4]
__iar_fmodl             0x00002b89         Code  Gb  fmod.o [4]
__iar_init_vfp          0x00003ee5         Code  Gb  fpinit_M.o [4]
__iar_program_start     0x00003f51         Code  Gb  cstartup_M.o [5]
__iar_ui2d              0x00002731         Code  Gb  I32ToDbl.o [4]
__iar_unaligned___aeabi_memcpy
                        0x00003605         Code  Gb  ABImemcpy_unaligned.o [5]
__iar_unaligned___aeabi_memcpy4
                        0x00003625         Code  Gb  ABImemcpy_unaligned.o [5]
__iar_unaligned___aeabi_memcpy8
                        0x00003625         Code  Gb  ABImemcpy_unaligned.o [5]
__iar_vfp_tan           0x00002709   0x10  Code  Gb  tan.o [4]
__iar_zero_init3        0x00001dff   0x22  Code  Gb  zero_init3.o [5]
__vector_table          0x00000000  0x410  Data  Gb  vectors.o [1]
_call_main              0x00003f25         Code  Gb  cmain.o [5]
_exit                   0x00003f39         Code  Gb  cexit.o [5]
_main                   0x00003f2f         Code  Gb  cmain.o [5]
adc_init                0x00001621   0xea  Code  Gb  MK60_adc.o [1]
adc_once                0x0000170b   0x36  Code  Gb  MK60_adc.o [1]
autoSpeed               0x1fff0538    0x4  Data  Gb  Speed.o [1]
bus_clk_khz             0x1fff06e4    0x4  Data  Gb  system_MK60DZ10.o [1]
ccd1                    0x1fff0584   0xa8  Data  Gb  CCD.o [1]
ccd2                    0x1fff062c   0xa8  Data  Gb  CCD.o [1]
common_startup          0x00003d35   0x48  Code  Gb  system_MK60DZ10.o [1]
core_clk_khz            0x1fff06dc    0x4  Data  Gb  system_MK60DZ10.o [1]
core_clk_mhz            0x1fff06e0    0x4  Data  Gb  system_MK60DZ10.o [1]
count_bmqold_L          0x1fff04f4    0x4  Data  Gb  Speed.o [1]
count_bmqold_R          0x1fff04f8    0x4  Data  Gb  Speed.o [1]
default_isr             0x00003f5d    0x2  Code  Gb  MK60_conf.o [1]
display_flag            0x1fff042e    0x1  Data  Gb  Global.o [1]
down_count              0x1fff06eb    0x1  Data  Gb  Direction.o [1]
down_num                0x1fff06ed    0x1  Data  Gb  Direction.o [1]
exit                    0x00003f33    0x4  Code  Gb  exit.o [3]
flag_Board              0x1fff042d    0x1  Data  Gb  Global.o [1]
fmod                    0x00002b89         Code  Gb  fmod.o [4]
fmodl                   0x00002b89         Code  Gb  fmod.o [4]
ftm_mod                 0x1fff0448   0x10  Data  Lc  MK60_ftm.o [1]
ftm_pwm_duty            0x00001925   0x3c  Code  Gb  MK60_ftm.o [1]
ftm_pwm_init            0x00001893   0x92  Code  Gb  MK60_ftm.o [1]
ftm_quad_clean          0x000019f3    0x2  Code  Gb  MK60_ftm.o [1]
ftm_quad_get            0x000019e7    0xc  Code  Gb  MK60_ftm.o [1]
ftm_quad_init           0x00001961   0x86  Code  Gb  MK60_ftm.o [1]
go_flag                 0x1fff042c    0x1  Data  Gb  Global.o [1]
gpio_get                0x00000dab   0x18  Code  Gb  MK60_gpio.o [1]
gpio_init               0x00000d69   0x42  Code  Gb  MK60_gpio.o [1]
init                    0x00000e05  0x12a  Code  Gb  Global.o [1]
level                   0x1fff042f    0x1  Data  Gb  Global.o [1]
main                    0x00003ddd   0x24  Code  Gb  main.o [1]
mcg_cfg                 0x1fff046c   0x58  Data  Gb  MK60_mcg.o [1]
mcg_div                 0x1fff04c4    0x4  Data  Gb  MK60_mcg.o [1]
mcg_div_count           0x000036c1  0x176  Code  Gb  MK60_mcg.o [1]
pit_init                0x00001749   0x30  Code  Gb  MK60_PIT.o [1]
pll_init                0x00003837   0x7c  Code  Gb  MK60_mcg.o [1]
port_init               0x00000dc9   0x2c  Code  Gb  MK60_port.o [1]
real_speed              0x1fff0524    0x2  Data  Gb  Speed.o [1]
set_sys_dividers        0x1fff0549   0x3c  Code  Gb  MK60_mcg.o [1]
set_vector_handler      0x00003e07    0x8  Code  Gb  misc.o [1]
speed_Lnum              0x1fff0520    0x2  Data  Gb  Speed.o [1]
speed_MAX               0x1fff0534    0x4  Data  Gb  Speed.o [1]
speed_Rnum              0x1fff0522    0x2  Data  Gb  Speed.o [1]
start                   0x00003cd9   0x28  Code  Gb  system_MK60DZ10.o [1]
start_time              0x1fff06d8    0x4  Data  Gb  MK60_it.o [1]
stop_flag               0x1fff04fc    0x1  Data  Gb  Speed.o [1]
sysinit                 0x00003d01   0x34  Code  Gb  system_MK60DZ10.o [1]
systick_delay_ms        0x00001a0d   0x2a  Code  Gb  MK60_SysTick.o [1]
tan                     0x00002385  0x37e  Code  Gb  tan.o [4]
tanAngle                0x1fff0540    0x4  Data  Gb  Speed.o [1]
uart_init               0x00003a49  0x148  Code  Gb  MK60_uart.o [1]
up_count                0x1fff06ea    0x1  Data  Gb  Direction.o [1]
up_num                  0x1fff06ec    0x1  Data  Gb  Direction.o [1]
wdog_disable            0x00003db1   0x26  Code  Gb  MK60_wdog.o [1]
write_vtor              0x00003e01    0x6  Code  Gb  misc.o [1]


[1] = C:\Users\Tang\Desktop\k60\山外K60参考代码V5.3（支持FX、FN和DNZ）\书外的参考例程\LCD_线性CCD_无线传输\小车程序\Prj\IAR\FX15_Release\Obj
[2] = command line
[3] = dl7M_tlf.a
[4] = m7M_tlv.a
[5] = rt7M_tl.a

  14 792 bytes of readonly  code memory
      60 bytes of readwrite code memory
   1 434 bytes of readonly  data memory
     679 bytes of readwrite data memory

Errors: none
Warnings: none
