###############################################################################
#
# IAR ELF Linker V7.30.1.7746/W32 for ARM                 12/May/2016  20:32:33
# Copyright 2007-2014 IAR Systems AB.
#
#    Output file  =  
#        C:\Users\Tang\Desktop\k60\山外K60参考代码V5.3（支持FX、FN和DNZ）\书外的参考例程\LCD_线性CCD_无线传输\小车程序\Prj\IAR\FX15_Debug\Exe\vcan_Kinetis.out
#    Map file     =  
#        C:\Users\Tang\Desktop\k60\山外K60参考代码V5.3（支持FX、FN和DNZ）\书外的参考例程\LCD_线性CCD_无线传输\小车程序\Prj\IAR\FX15_Debug\List\vcan_Kinetis.map
#    Command line =  
#        C:\Users\Tang\Desktop\k60\山外K60参考代码V5.3（支持FX、FN和DNZ）\书外的参考例程\LCD_线性CCD_无线传输\小车程序\Prj\IAR\FX15_Debug\Obj\CCD.o
#        C:\Users\Tang\Desktop\k60\山外K60参考代码V5.3（支持FX、FN和DNZ）\书外的参考例程\LCD_线性CCD_无线传输\小车程序\Prj\IAR\FX15_Debug\Obj\Direction.o
#        C:\Users\Tang\Desktop\k60\山外K60参考代码V5.3（支持FX、FN和DNZ）\书外的参考例程\LCD_线性CCD_无线传输\小车程序\Prj\IAR\FX15_Debug\Obj\diskio.o
#        C:\Users\Tang\Desktop\k60\山外K60参考代码V5.3（支持FX、FN和DNZ）\书外的参考例程\LCD_线性CCD_无线传输\小车程序\Prj\IAR\FX15_Debug\Obj\ff.o
#        C:\Users\Tang\Desktop\k60\山外K60参考代码V5.3（支持FX、FN和DNZ）\书外的参考例程\LCD_线性CCD_无线传输\小车程序\Prj\IAR\FX15_Debug\Obj\Global.o
#        C:\Users\Tang\Desktop\k60\山外K60参考代码V5.3（支持FX、FN和DNZ）\书外的参考例程\LCD_线性CCD_无线传输\小车程序\Prj\IAR\FX15_Debug\Obj\main.o
#        C:\Users\Tang\Desktop\k60\山外K60参考代码V5.3（支持FX、FN和DNZ）\书外的参考例程\LCD_线性CCD_无线传输\小车程序\Prj\IAR\FX15_Debug\Obj\misc.o
#        C:\Users\Tang\Desktop\k60\山外K60参考代码V5.3（支持FX、FN和DNZ）\书外的参考例程\LCD_线性CCD_无线传输\小车程序\Prj\IAR\FX15_Debug\Obj\MK60_adc.o
#        C:\Users\Tang\Desktop\k60\山外K60参考代码V5.3（支持FX、FN和DNZ）\书外的参考例程\LCD_线性CCD_无线传输\小车程序\Prj\IAR\FX15_Debug\Obj\MK60_can.o
#        C:\Users\Tang\Desktop\k60\山外K60参考代码V5.3（支持FX、FN和DNZ）\书外的参考例程\LCD_线性CCD_无线传输\小车程序\Prj\IAR\FX15_Debug\Obj\MK60_conf.o
#        C:\Users\Tang\Desktop\k60\山外K60参考代码V5.3（支持FX、FN和DNZ）\书外的参考例程\LCD_线性CCD_无线传输\小车程序\Prj\IAR\FX15_Debug\Obj\MK60_dac.o
#        C:\Users\Tang\Desktop\k60\山外K60参考代码V5.3（支持FX、FN和DNZ）\书外的参考例程\LCD_线性CCD_无线传输\小车程序\Prj\IAR\FX15_Debug\Obj\MK60_dma.o
#        C:\Users\Tang\Desktop\k60\山外K60参考代码V5.3（支持FX、FN和DNZ）\书外的参考例程\LCD_线性CCD_无线传输\小车程序\Prj\IAR\FX15_Debug\Obj\MK60_DWT.o
#        C:\Users\Tang\Desktop\k60\山外K60参考代码V5.3（支持FX、FN和DNZ）\书外的参考例程\LCD_线性CCD_无线传输\小车程序\Prj\IAR\FX15_Debug\Obj\MK60_flash.o
#        C:\Users\Tang\Desktop\k60\山外K60参考代码V5.3（支持FX、FN和DNZ）\书外的参考例程\LCD_线性CCD_无线传输\小车程序\Prj\IAR\FX15_Debug\Obj\MK60_flexbus.o
#        C:\Users\Tang\Desktop\k60\山外K60参考代码V5.3（支持FX、FN和DNZ）\书外的参考例程\LCD_线性CCD_无线传输\小车程序\Prj\IAR\FX15_Debug\Obj\MK60_ftm.o
#        C:\Users\Tang\Desktop\k60\山外K60参考代码V5.3（支持FX、FN和DNZ）\书外的参考例程\LCD_线性CCD_无线传输\小车程序\Prj\IAR\FX15_Debug\Obj\MK60_gpio.o
#        C:\Users\Tang\Desktop\k60\山外K60参考代码V5.3（支持FX、FN和DNZ）\书外的参考例程\LCD_线性CCD_无线传输\小车程序\Prj\IAR\FX15_Debug\Obj\MK60_i2c.o
#        C:\Users\Tang\Desktop\k60\山外K60参考代码V5.3（支持FX、FN和DNZ）\书外的参考例程\LCD_线性CCD_无线传输\小车程序\Prj\IAR\FX15_Debug\Obj\MK60_it.o
#        C:\Users\Tang\Desktop\k60\山外K60参考代码V5.3（支持FX、FN和DNZ）\书外的参考例程\LCD_线性CCD_无线传输\小车程序\Prj\IAR\FX15_Debug\Obj\MK60_lptmr.o
#        C:\Users\Tang\Desktop\k60\山外K60参考代码V5.3（支持FX、FN和DNZ）\书外的参考例程\LCD_线性CCD_无线传输\小车程序\Prj\IAR\FX15_Debug\Obj\MK60_mcg.o
#        C:\Users\Tang\Desktop\k60\山外K60参考代码V5.3（支持FX、FN和DNZ）\书外的参考例程\LCD_线性CCD_无线传输\小车程序\Prj\IAR\FX15_Debug\Obj\MK60_PIT.o
#        C:\Users\Tang\Desktop\k60\山外K60参考代码V5.3（支持FX、FN和DNZ）\书外的参考例程\LCD_线性CCD_无线传输\小车程序\Prj\IAR\FX15_Debug\Obj\MK60_port.o
#        C:\Users\Tang\Desktop\k60\山外K60参考代码V5.3（支持FX、FN和DNZ）\书外的参考例程\LCD_线性CCD_无线传输\小车程序\Prj\IAR\FX15_Debug\Obj\MK60_rtc.o
#        C:\Users\Tang\Desktop\k60\山外K60参考代码V5.3（支持FX、FN和DNZ）\书外的参考例程\LCD_线性CCD_无线传输\小车程序\Prj\IAR\FX15_Debug\Obj\MK60_sdhc.o
#        C:\Users\Tang\Desktop\k60\山外K60参考代码V5.3（支持FX、FN和DNZ）\书外的参考例程\LCD_线性CCD_无线传输\小车程序\Prj\IAR\FX15_Debug\Obj\MK60_spi.o
#        C:\Users\Tang\Desktop\k60\山外K60参考代码V5.3（支持FX、FN和DNZ）\书外的参考例程\LCD_线性CCD_无线传输\小车程序\Prj\IAR\FX15_Debug\Obj\MK60_SysTick.o
#        C:\Users\Tang\Desktop\k60\山外K60参考代码V5.3（支持FX、FN和DNZ）\书外的参考例程\LCD_线性CCD_无线传输\小车程序\Prj\IAR\FX15_Debug\Obj\MK60_uart.o
#        C:\Users\Tang\Desktop\k60\山外K60参考代码V5.3（支持FX、FN和DNZ）\书外的参考例程\LCD_线性CCD_无线传输\小车程序\Prj\IAR\FX15_Debug\Obj\MK60_usb.o
#        C:\Users\Tang\Desktop\k60\山外K60参考代码V5.3（支持FX、FN和DNZ）\书外的参考例程\LCD_线性CCD_无线传输\小车程序\Prj\IAR\FX15_Debug\Obj\MK60_wdog.o
#        C:\Users\Tang\Desktop\k60\山外K60参考代码V5.3（支持FX、FN和DNZ）\书外的参考例程\LCD_线性CCD_无线传输\小车程序\Prj\IAR\FX15_Debug\Obj\OLED.o
#        C:\Users\Tang\Desktop\k60\山外K60参考代码V5.3（支持FX、FN和DNZ）\书外的参考例程\LCD_线性CCD_无线传输\小车程序\Prj\IAR\FX15_Debug\Obj\Speed.o
#        C:\Users\Tang\Desktop\k60\山外K60参考代码V5.3（支持FX、FN和DNZ）\书外的参考例程\LCD_线性CCD_无线传输\小车程序\Prj\IAR\FX15_Debug\Obj\startup_MK60DZ10.o
#        C:\Users\Tang\Desktop\k60\山外K60参考代码V5.3（支持FX、FN和DNZ）\书外的参考例程\LCD_线性CCD_无线传输\小车程序\Prj\IAR\FX15_Debug\Obj\system_MK60DZ10.o
#        C:\Users\Tang\Desktop\k60\山外K60参考代码V5.3（支持FX、FN和DNZ）\书外的参考例程\LCD_线性CCD_无线传输\小车程序\Prj\IAR\FX15_Debug\Obj\USB.o
#        C:\Users\Tang\Desktop\k60\山外K60参考代码V5.3（支持FX、FN和DNZ）\书外的参考例程\LCD_线性CCD_无线传输\小车程序\Prj\IAR\FX15_Debug\Obj\USB_CDC.o
#        C:\Users\Tang\Desktop\k60\山外K60参考代码V5.3（支持FX、FN和DNZ）\书外的参考例程\LCD_线性CCD_无线传输\小车程序\Prj\IAR\FX15_Debug\Obj\VCAN_ASCII.o
#        C:\Users\Tang\Desktop\k60\山外K60参考代码V5.3（支持FX、FN和DNZ）\书外的参考例程\LCD_线性CCD_无线传输\小车程序\Prj\IAR\FX15_Debug\Obj\VCAN_BMP.o
#        C:\Users\Tang\Desktop\k60\山外K60参考代码V5.3（支持FX、FN和DNZ）\书外的参考例程\LCD_线性CCD_无线传输\小车程序\Prj\IAR\FX15_Debug\Obj\VCAN_camera.o
#        C:\Users\Tang\Desktop\k60\山外K60参考代码V5.3（支持FX、FN和DNZ）\书外的参考例程\LCD_线性CCD_无线传输\小车程序\Prj\IAR\FX15_Debug\Obj\VCAN_computer.o
#        C:\Users\Tang\Desktop\k60\山外K60参考代码V5.3（支持FX、FN和DNZ）\书外的参考例程\LCD_线性CCD_无线传输\小车程序\Prj\IAR\FX15_Debug\Obj\vcan_img2sd.o
#        C:\Users\Tang\Desktop\k60\山外K60参考代码V5.3（支持FX、FN和DNZ）\书外的参考例程\LCD_线性CCD_无线传输\小车程序\Prj\IAR\FX15_Debug\Obj\VCAN_key.o
#        C:\Users\Tang\Desktop\k60\山外K60参考代码V5.3（支持FX、FN和DNZ）\书外的参考例程\LCD_线性CCD_无线传输\小车程序\Prj\IAR\FX15_Debug\Obj\VCAN_key_event.o
#        C:\Users\Tang\Desktop\k60\山外K60参考代码V5.3（支持FX、FN和DNZ）\书外的参考例程\LCD_线性CCD_无线传输\小车程序\Prj\IAR\FX15_Debug\Obj\VCAN_LCD.o
#        C:\Users\Tang\Desktop\k60\山外K60参考代码V5.3（支持FX、FN和DNZ）\书外的参考例程\LCD_线性CCD_无线传输\小车程序\Prj\IAR\FX15_Debug\Obj\VCAN_LCD_CH.o
#        C:\Users\Tang\Desktop\k60\山外K60参考代码V5.3（支持FX、FN和DNZ）\书外的参考例程\LCD_线性CCD_无线传输\小车程序\Prj\IAR\FX15_Debug\Obj\VCAN_LCD_ILI9341.o
#        C:\Users\Tang\Desktop\k60\山外K60参考代码V5.3（支持FX、FN和DNZ）\书外的参考例程\LCD_线性CCD_无线传输\小车程序\Prj\IAR\FX15_Debug\Obj\VCAN_LCD_ST7735R.o
#        C:\Users\Tang\Desktop\k60\山外K60参考代码V5.3（支持FX、FN和DNZ）\书外的参考例程\LCD_线性CCD_无线传输\小车程序\Prj\IAR\FX15_Debug\Obj\VCAN_LCD_ST7735S.o
#        C:\Users\Tang\Desktop\k60\山外K60参考代码V5.3（支持FX、FN和DNZ）\书外的参考例程\LCD_线性CCD_无线传输\小车程序\Prj\IAR\FX15_Debug\Obj\VCAN_LED.o
#        C:\Users\Tang\Desktop\k60\山外K60参考代码V5.3（支持FX、FN和DNZ）\书外的参考例程\LCD_线性CCD_无线传输\小车程序\Prj\IAR\FX15_Debug\Obj\VCAN_MMA7455.o
#        C:\Users\Tang\Desktop\k60\山外K60参考代码V5.3（支持FX、FN和DNZ）\书外的参考例程\LCD_线性CCD_无线传输\小车程序\Prj\IAR\FX15_Debug\Obj\VCAN_NRF24L0.o
#        C:\Users\Tang\Desktop\k60\山外K60参考代码V5.3（支持FX、FN和DNZ）\书外的参考例程\LCD_线性CCD_无线传输\小车程序\Prj\IAR\FX15_Debug\Obj\VCAN_NRF24L0_MSG.o
#        C:\Users\Tang\Desktop\k60\山外K60参考代码V5.3（支持FX、FN和DNZ）\书外的参考例程\LCD_线性CCD_无线传输\小车程序\Prj\IAR\FX15_Debug\Obj\VCAN_OV7725_Eagle.o
#        C:\Users\Tang\Desktop\k60\山外K60参考代码V5.3（支持FX、FN和DNZ）\书外的参考例程\LCD_线性CCD_无线传输\小车程序\Prj\IAR\FX15_Debug\Obj\VCAN_OV7725_Wolf.o
#        C:\Users\Tang\Desktop\k60\山外K60参考代码V5.3（支持FX、FN和DNZ）\书外的参考例程\LCD_线性CCD_无线传输\小车程序\Prj\IAR\FX15_Debug\Obj\VCAN_RTC_count.o
#        C:\Users\Tang\Desktop\k60\山外K60参考代码V5.3（支持FX、FN和DNZ）\书外的参考例程\LCD_线性CCD_无线传输\小车程序\Prj\IAR\FX15_Debug\Obj\VCAN_SCCB.o
#        C:\Users\Tang\Desktop\k60\山外K60参考代码V5.3（支持FX、FN和DNZ）\书外的参考例程\LCD_线性CCD_无线传输\小车程序\Prj\IAR\FX15_Debug\Obj\vcan_sd_app.o
#        C:\Users\Tang\Desktop\k60\山外K60参考代码V5.3（支持FX、FN和DNZ）\书外的参考例程\LCD_线性CCD_无线传输\小车程序\Prj\IAR\FX15_Debug\Obj\Vcan_touch.o
#        C:\Users\Tang\Desktop\k60\山外K60参考代码V5.3（支持FX、FN和DNZ）\书外的参考例程\LCD_线性CCD_无线传输\小车程序\Prj\IAR\FX15_Debug\Obj\VCAN_TSL1401.o
#        C:\Users\Tang\Desktop\k60\山外K60参考代码V5.3（支持FX、FN和DNZ）\书外的参考例程\LCD_线性CCD_无线传输\小车程序\Prj\IAR\FX15_Debug\Obj\VCAN_UI_VAR.o
#        C:\Users\Tang\Desktop\k60\山外K60参考代码V5.3（支持FX、FN和DNZ）\书外的参考例程\LCD_线性CCD_无线传输\小车程序\Prj\IAR\FX15_Debug\Obj\vectors.o
#        --redirect _Printf=_PrintfLargeNoMb --redirect _Scanf=_ScanfLargeNoMb
#        -o
#        C:\Users\Tang\Desktop\k60\山外K60参考代码V5.3（支持FX、FN和DNZ）\书外的参考例程\LCD_线性CCD_无线传输\小车程序\Prj\IAR\FX15_Debug\Exe\vcan_Kinetis.out
#        --map
#        C:\Users\Tang\Desktop\k60\山外K60参考代码V5.3（支持FX、FN和DNZ）\书外的参考例程\LCD_线性CCD_无线传输\小车程序\Prj\IAR\FX15_Debug\List\vcan_Kinetis.map
#        --config
#        "C:\Users\Tang\Desktop\k60\山外K60参考代码V5.3（支持FX、FN和DNZ）\书外的参考例程\LCD_线性CCD_无线传输\小车程序\Prj\IAR\config
#        files\vcan_ROM_K60X512.icf"
#        C:\Users\Tang\Desktop\k60\山外K60参考代码V5.3（支持FX、FN和DNZ）\书外的参考例程\LCD_线性CCD_无线传输\小车程序\Prj\IAR\..\..\Lib\CMSIS\iar_cortexM4l_math.a
#        --entry __iar_program_start --redirect __write=__write_buffered --vfe
#
###############################################################################

*******************************************************************************
*** RUNTIME MODEL ATTRIBUTES
***

CppFlavor       = *
__SystemLibrary = DLib


*******************************************************************************
*** PLACEMENT SUMMARY
***

"A1":  place at 0x00000000 { ro section .intvec };
"A2":  place at 0x00000410 { ro section .noinit };
"P1":  place in [from 0x00000000 to 0x00080000] |
                [from 0x10000000 to 0x1007ffff] { ro, block CodeRelocate };
"P2":  place in [from 0x1fff0410 to 0x20010000] {
          rw, block CodeRelocateRam, block CSTACK, block HEAP };

  Section              Kind        Address    Size  Object
  -------              ----        -------    ----  ------
"A1":                                        0x410
  .intvec              const    0x00000000   0x410  vectors.o [1]
                              - 0x00000410   0x410

"P1", part 1 of 2:                             0x0
  .rodata              const    0x00000410     0x0  zero_init3.o [5]

"A2":                                          0x8
  .noinit              ro code  0x00000410     0x8  startup_MK60DZ10.o [1]
                              - 0x00000418     0x8

"P1", part 2 of 2:                          0x6d38
  .text                ro code  0x00000418   0xbee  xprintflarge_nomb.o [3]
  .text                ro code  0x00001006    0x22  zero_init3.o [5]
  .text                ro code  0x00001028    0x16  strchr.o [5]
  .text                ro code  0x00001040    0x36  strlen.o [5]
  .text                ro code  0x00001078    0x58  memchr.o [5]
  .text                ro code  0x000010d0    0xee  I64DivMod.o [5]
  .text                ro code  0x000011c0    0x76  ABImemcpy_unaligned.o [5]
  .text                ro code  0x00001236    0x42  xdnorm.o [4]
  .text                ro code  0x00001278    0x2e  DblCmpLe.o [4]
  .text                ro code  0x000012a8   0x1a2  DblMul.o [4]
  .text                ro code  0x0000144c   0x246  DblDiv.o [4]
  .text                ro code  0x00001694    0x58  DblToI32.o [4]
  .text                ro code  0x000016ec    0x30  I32ToDbl.o [4]
  .text                ro code  0x0000171c   0x180  DblSub.o [4]
  .text                ro code  0x0000189c    0x6c  localeconv.o [3]
  .text                ro code  0x00001908     0xe  div.o [3]
  .text                ro code  0x00001918     0x2  I64DivZer.o [5]
  .text                ro code  0x0000191c    0xe8  DblAdd.o [4]
  .text                ro code  0x00001a04     0x2  xtls.o [3]
  .text                ro code  0x00001a08   0x9f4  Global.o [1]
  .text                ro code  0x000023fc   0x128  MK60_gpio.o [1]
  .text                ro code  0x00002524   0x2b8  MK60_adc.o [1]
  .text                ro code  0x000027dc    0x7c  MK60_PIT.o [1]
  .text                ro code  0x00002858   0x85c  OLED.o [1]
  .text                ro code  0x000030b4   0x5e4  MK60_ftm.o [1]
  .text                ro code  0x00003698    0x64  MK60_SysTick.o [1]
  .text                ro code  0x000036fc   0x68c  Speed.o [1]
  .text                ro code  0x00003d88    0x4e  FltToDbl.o [4]
  .text                ro code  0x00003dd8    0x90  DblToFlt.o [4]
  .text                ro code  0x00003e68    0xb0  MK60_port.o [1]
  Veneer               ro code  0x00003f18     0x8  - Linker created -
  Veneer               ro code  0x00003f20     0x8  - Linker created -
  .text                ro code  0x00003f28   0x140  MK60_conf.o [1]
  .text                ro code  0x00004068   0x394  tan.o [4]
  .text                ro code  0x000043fc    0x70  VCAN_LED.o [1]
  .text                ro code  0x0000446c    0x24  printf.o [3]
  .text                ro code  0x00004490   0x24c  MK60_uart.o [1]
  .text                ro code  0x000046dc    0x9c  VCAN_key.o [1]
  .text                ro code  0x00004778    0x2e  DblCmpGe.o [4]
  .text                ro code  0x000047a8   0x168  xquad.o [4]
  .text                ro code  0x00004910     0xc  errno.o [3]
  .text                ro code  0x0000491c    0x7e  xdint.o [4]
  .text                ro code  0x0000499c    0x20  DblCmpEq.o [4]
  .text                ro code  0x000049bc   0x1a8  fmod.o [4]
  .text                ro code  0x00004b64     0xc  iarEdom.o [5]
  .data_init                    0x00004b70   0x820  <Block>
    Initializer bytes  ro data  0x00004b70   0x820  <for .data-1>
  .text                ro code  0x00005390   0x6bc  Direction.o [1]
  .text                ro code  0x00005a4c   0x45c  CCD.o [1]
  Veneer               ro code  0x00005ea8     0x8  - Linker created -
  .text                ro code  0x00005eb0   0x3d4  MK60_mcg.o [1]
  .text                ro code  0x00006284   0x244  MK60_it.o [1]
  .rodata              const    0x000064c8   0x228  OLED.o [1]
  CodeRelocate                  0x000066f0   0x1f0  <Block>
    Initializer bytes  ro data  0x000066f0   0x1f0  <for CodeRelocateRam-1>
  .text                ro code  0x000068e0   0x140  system_MK60DZ10.o [1]
  .text                ro code  0x00006a20    0x40  MK60_wdog.o [1]
  .text                ro code  0x00006a60    0x38  main.o [1]
  .text                ro code  0x00006a98    0x50  misc.o [1]
  .rodata              const    0x00006ae8    0x88  MK60_SysTick.o [1]
  .rodata              const    0x00006b70    0x84  MK60_adc.o [1]
  .rodata              const    0x00006bf4    0x84  MK60_flash.o [1]
  .rodata              const    0x00006c78    0x84  MK60_ftm.o [1]
  .rodata              const    0x00006cfc    0x84  MK60_gpio.o [1]
  .rodata              const    0x00006d80    0x84  MK60_PIT.o [1]
  .rodata              const    0x00006e04    0x84  MK60_uart.o [1]
  .rodata              const    0x00006e88    0x80  misc.o [1]
  .rodata              const    0x00006f08    0x3c  MK60_conf.o [1]
  .text                ro code  0x00006f44    0x28  data_init.o [5]
  .rodata              const    0x00006f6c    0x24  MK60_conf.o [1]
  .text                ro code  0x00006f90    0x22  fpinit_M.o [4]
  .iar.init_table      const    0x00006fb4    0x10  - Linker created -
  .rodata              const    0x00006fc4    0x20  MK60_conf.o [1]
  .text                ro code  0x00006fe4    0x1a  cmain.o [5]
  .text                ro code  0x00006ffe     0x4  low_level_init.o [3]
  .text                ro code  0x00007002     0x4  exit.o [3]
  .text                ro code  0x00007008     0xa  cexit.o [5]
  .text                ro code  0x00007014     0xc  XXexit.o [5]
  .text                ro code  0x00007020    0x16  xprout.o [3]
  .text                ro code  0x00007038     0xc  putchar.o [3]
  .rodata              const    0x00007044    0x14  MK60_conf.o [1]
  .text                ro code  0x00007058     0xc  cstartup_M.o [5]
  .rodata              const    0x00007064     0x8  Global.o [1]
  .rodata              const    0x0000706c     0x8  Global.o [1]
  .rodata              const    0x00007074     0x8  Global.o [1]
  .rodata              const    0x0000707c     0x8  Global.o [1]
  .rodata              const    0x00007084     0x8  Global.o [1]
  .rodata              const    0x0000708c     0x8  Global.o [1]
  .rodata              const    0x00007094     0x8  Global.o [1]
  .rodata              const    0x0000709c     0x8  Global.o [1]
  .rodata              const    0x000070a4     0x8  Global.o [1]
  .rodata              const    0x000070ac     0x8  Global.o [1]
  .rodata              const    0x000070b4     0x8  Global.o [1]
  .rodata              const    0x000070bc     0x8  Global.o [1]
  Initializer bytes    ro data  0x000070c4    0x8c  <for P2 s0>
                              - 0x00007150  0x6d38

"P2":                                        0xcc8
  .data                         0x1fff0410   0x820  <Block>
    .data-1                     0x1fff0410   0x820  <Init block>
      .data            inited   0x1fff0410     0x4  Direction.o [1]
      .data            inited   0x1fff0414     0x1  Global.o [1]
      .data            inited   0x1fff0415     0x1  Global.o [1]
      .data            inited   0x1fff0418     0x8  MK60_adc.o [1]
      .data            inited   0x1fff0420   0x708  MK60_conf.o [1]
      .data            inited   0x1fff0b28    0x10  MK60_ftm.o [1]
      .data            inited   0x1fff0b38    0x14  MK60_gpio.o [1]
      .data            inited   0x1fff0b4c     0x1  MK60_it.o [1]
      .data            inited   0x1fff0b50    0x58  MK60_mcg.o [1]
      .data            inited   0x1fff0ba8     0x4  MK60_mcg.o [1]
      .data            inited   0x1fff0bac    0x14  MK60_port.o [1]
      .data            inited   0x1fff0bc0    0x18  MK60_uart.o [1]
      .data            inited   0x1fff0bd8     0x4  Speed.o [1]
      .data            inited   0x1fff0bdc     0x4  Speed.o [1]
      .data            inited   0x1fff0be0     0x4  Speed.o [1]
      .data            inited   0x1fff0be4     0x8  VCAN_key.o [1]
      .data            inited   0x1fff0bec     0x4  VCAN_LED.o [1]
      .data            inited   0x1fff0bf0    0x40  xfiles.o [3]
  CodeRelocateRam               0x1fff0c30   0x1f0  <Block>
    CodeRelocateRam-1           0x1fff0c30   0x1f0  <Init block>
      Veneer           inited   0x1fff0c30     0x8  - Linker created -
      Veneer           inited   0x1fff0c38     0x8  - Linker created -
      .textrw          inited   0x1fff0c40   0x190  MK60_flash.o [1]
      .textrw          inited   0x1fff0dd0    0x50  MK60_mcg.o [1]
  .bss                          0x1fff0e20   0x22c  <Block>
    .bss               zero     0x1fff0e20    0xa8  CCD.o [1]
    .bss               zero     0x1fff0ec8    0xa8  CCD.o [1]
    .bss               zero     0x1fff0f70     0xc  Direction.o [1]
    .bss               zero     0x1fff0f7c     0x4  Direction.o [1]
    .bss               zero     0x1fff0f80     0x4  Direction.o [1]
    .bss               zero     0x1fff0f84     0x4  Direction.o [1]
    .bss               zero     0x1fff0f88    0x10  MK60_ftm.o [1]
    .bss               zero     0x1fff0f98     0x4  MK60_it.o [1]
    .bss               zero     0x1fff0f9c     0x4  Speed.o [1]
    .bss               zero     0x1fff0fa0     0x4  Speed.o [1]
    .bss               zero     0x1fff0fa4     0x4  Speed.o [1]
    .bss               zero     0x1fff0fa8     0x8  Speed.o [1]
    .bss               zero     0x1fff0fb0     0x8  Speed.o [1]
    .bss               zero     0x1fff0fb8     0x4  Speed.o [1]
    .bss               zero     0x1fff0fbc     0x4  Speed.o [1]
    .bss               zero     0x1fff0fc0     0x4  Speed.o [1]
    .bss               zero     0x1fff0fc4     0x4  system_MK60DZ10.o [1]
    .bss               zero     0x1fff0fc8     0x4  system_MK60DZ10.o [1]
    .bss               zero     0x1fff0fcc     0x4  system_MK60DZ10.o [1]
    .bss               zero     0x1fff0fd0    0x50  xfiles.o [3]
    .bss               zero     0x1fff1020     0x2  Speed.o [1]
    .bss               zero     0x1fff1022     0x2  Speed.o [1]
    .bss               zero     0x1fff1024     0x2  Speed.o [1]
    .bss               zero     0x1fff1026     0x2  Speed.o [1]
    .bss               zero     0x1fff1028     0x2  Speed.o [1]
    .bss               zero     0x1fff102a     0x2  Speed.o [1]
    .bss               zero     0x1fff102c     0x2  Speed.o [1]
    .bss               zero     0x1fff102e     0x2  Speed.o [1]
    .bss               zero     0x1fff1030     0x2  Speed.o [1]
    .bss               zero     0x1fff1032     0x2  Speed.o [1]
    .bss               zero     0x1fff1034     0x2  Speed.o [1]
    .bss               zero     0x1fff1036     0x2  Speed.o [1]
    .bss               zero     0x1fff1038     0x2  Speed.o [1]
    .bss               zero     0x1fff103a     0x1  CCD.o [1]
    .bss               zero     0x1fff103b     0x1  CCD.o [1]
    .bss               zero     0x1fff103c     0x1  Direction.o [1]
    .bss               zero     0x1fff103d     0x1  Direction.o [1]
    .bss               zero     0x1fff103e     0x1  Direction.o [1]
    .bss               zero     0x1fff103f     0x1  Direction.o [1]
    .bss               zero     0x1fff1040     0x1  Global.o [1]
    .bss               zero     0x1fff1041     0x1  Global.o [1]
    .bss               zero     0x1fff1042     0x1  MK60_it.o [1]
    .bss               zero     0x1fff1043     0x1  MK60_it.o [1]
    .bss               zero     0x1fff1044     0x1  MK60_it.o [1]
    .bss               zero     0x1fff1045     0x1  Speed.o [1]
    .bss               zero     0x1fff1046     0x1  Speed.o [1]
    .bss               zero     0x1fff1047     0x1  Speed.o [1]
    .bss               zero     0x1fff1048     0x1  Speed.o [1]
    .bss               zero     0x1fff1049     0x1  Speed.o [1]
    .bss               zero     0x1fff104a     0x1  Speed.o [1]
  P2 s0                         0x1fff104c    0x8c  <Init block>
    __DLIB_PERTHREAD   inited   0x1fff104c    0x88  localeconv.o [3]
    __DLIB_PERTHREAD   inited   0x1fff10d4     0x4  errno.o [3]
                              - 0x1fff10d8   0xcc8


*******************************************************************************
*** INIT TABLE
***

          Address     Size
          -------     ----
Zero (__iar_zero_init3)
    1 destination range, total size 0x22b:
          0x1fff0e20  0x22b



*******************************************************************************
*** MODULE SUMMARY
***

    Module                 ro code  rw code  ro data  rw data
    ------                 -------  -------  -------  -------
C:\Users\Tang\Desktop\k60\山外K60参考代码V5.3（支持FX、FN和DNZ）\书外的参考例程\LCD_线性CCD_无线传输\小车程序\Prj\IAR\FX15_Debug\Obj: [1]
    CCD.o                    1 116                        338
    Direction.o              1 724                 4       32
    Global.o                 2 548                98        4
    MK60_PIT.o                 124               132
    MK60_SysTick.o             100               136
    MK60_adc.o                 696               142        8
    MK60_conf.o                320             1 948    1 800
    MK60_flash.o                        400      532
    MK60_ftm.o               1 508               148       32
    MK60_gpio.o                296               152       20
    MK60_it.o                  580                 1        8
    MK60_mcg.o                 980       80      175       92
    MK60_port.o                176                20       20
    MK60_uart.o                588               156       24
    MK60_wdog.o                 64
    OLED.o                   2 140               552
    Speed.o                  1 676                12       84
    VCAN_LED.o                 112                 4        4
    VCAN_key.o                 156                 8        8
    main.o                      56
    misc.o                      80               128
    startup_MK60DZ10.o           8
    system_MK60DZ10.o          320                         12
    vectors.o                                  1 040
    ---------------------------------------------------------
    Total:                  15 368      480    5 388    2 486

command line: [2]
    ---------------------------------------------------------
    Total:

dl7M_tlf.a: [3]
    div.o                       14
    errno.o                     12                 4        4
    exit.o                       4
    localeconv.o               108               136      136
    low_level_init.o             4
    printf.o                    36
    putchar.o                   12
    xfiles.o                                      64      144
    xprintflarge_nomb.o      3 054
    xprout.o                    22
    xtls.o                       2
    ---------------------------------------------------------
    Total:                   3 268               204      284

m7M_tlv.a: [4]
    DblAdd.o                   232
    DblCmpEq.o                  32
    DblCmpGe.o                  46
    DblCmpLe.o                  46
    DblDiv.o                   582
    DblMul.o                   418
    DblSub.o                   384
    DblToFlt.o                 144
    DblToI32.o                  88
    FltToDbl.o                  78
    I32ToDbl.o                  48
    fmod.o                     424
    fpinit_M.o                  34
    tan.o                      916
    xdint.o                    126
    xdnorm.o                    66
    xquad.o                    360
    ---------------------------------------------------------
    Total:                   4 024

rt7M_tl.a: [5]
    ABImemcpy_unaligned.o      118
    I64DivMod.o                238
    I64DivZer.o                  2
    XXexit.o                    12
    cexit.o                     10
    cmain.o                     26
    cstartup_M.o                12
    data_init.o                 40
    iarEdom.o                   12
    memchr.o                    88
    strchr.o                    22
    strlen.o                    54
    zero_init3.o                34
    ---------------------------------------------------------
    Total:                     668

    Gaps                        30                 2        5
    Linker created              24       16       32
-------------------------------------------------------------
    Grand Total:            23 382      496    5 626    2 775


*******************************************************************************
*** ENTRY LIST
***

Entry                      Address   Size  Type      Object
-----                      -------   ----  ----      ------
.bss$$Base              0x1fff0e20          --   Gb  - Linker created -
.bss$$Limit             0x1fff104c          --   Gb  - Linker created -
.data$$Base             0x1fff0410          --   Gb  - Linker created -
.data$$Limit            0x1fff0c30          --   Gb  - Linker created -
.data_init$$Base        0x00004b70          --   Gb  - Linker created -
.data_init$$Limit       0x00005390          --   Gb  - Linker created -
?main                   0x00006fe5         Code  Gb  cmain.o [5]
ADCN                    0x1fff0418    0x8  Data  Gb  MK60_adc.o [1]
ASSERT_FAILED_STR       0x00006f6c   0x24  Data  Gb  MK60_conf.o [1]
AUTO_slow               0x0000639f   0xde  Code  Gb  MK60_it.o [1]
AnalyzeLine             0x00005491  0x13e  Code  Gb  Direction.o [1]
AnalyzeLine2            0x000055cf  0x13e  Code  Gb  Direction.o [1]
Angle                   0x1fff0fb8    0x4  Data  Gb  Speed.o [1]
BMQ_read                0x00003b05   0x32  Code  Gb  Speed.o [1]
Board_Interaction       0x00001efd  0x444  Code  Gb  Global.o [1]
CCD_TSL1401             0x00005a65  0x11a  Code  Gb  CCD.o [1]
CCD_display             0x00002b7f   0xdc  Code  Gb  OLED.o [1]
CHASU                   0x1fff0fc0    0x4  Data  Gb  Speed.o [1]
Cartime                 0x1fff1042    0x1  Data  Gb  MK60_it.o [1]
CodeRelocate$$Base      0x000066f0          --   Gb  - Linker created -
CodeRelocate$$Limit     0x000068e0          --   Gb  - Linker created -
CodeRelocateRam$$Base   0x1fff0c30          --   Gb  - Linker created -
CodeRelocateRam$$Limit  0x1fff0e20          --   Gb  - Linker created -
DirectionPianCha        0x1fff0f70    0xc  Data  Gb  Direction.o [1]
Direction_Calculate     0x0000570d  0x168  Code  Gb  Direction.o [1]
Direction_Calculate2    0x00005875   0xa8  Code  Gb  Direction.o [1]
Direction_Control       0x0000591d   0xee  Code  Gb  Direction.o [1]
Dly_us                  0x00005a4d   0x18  Code  Gb  CCD.o [1]
F6x8                    0x000064c8  0x228  Data  Gb  OLED.o [1]
FTMN                    0x1fff0b28   0x10  Data  Gb  MK60_ftm.o [1]
FTM_port_mux            0x000030b5  0x1ac  Code  Lc  MK60_ftm.o [1]
Find_Black_Line         0x00005391  0x100  Code  Gb  Direction.o [1]
GPIOX                   0x1fff0b38   0x14  Data  Gb  MK60_gpio.o [1]
ImageFilter             0x00005b7f   0xa0  Code  Gb  CCD.o [1]
KEY_PTxn                0x1fff0be4    0x8  Data  Gb  VCAN_key.o [1]
KS                      0x1fff1046    0x1  Data  Gb  Speed.o [1]
LCD_DLY_ms              0x0000295b   0x18  Code  Gb  OLED.o [1]
LCD_Fill                0x0000291b   0x40  Code  Gb  OLED.o [1]
LCD_Init                0x00002973   0xf8  Code  Gb  OLED.o [1]
LCD_P6x8Str             0x00002aaf   0x7c  Code  Gb  OLED.o [1]
LCD_PutPixel            0x00002a6b   0x44  Code  Gb  OLED.o [1]
LCD_Set_Pos             0x000028f3   0x28  Code  Gb  OLED.o [1]
LCD_WrCmd               0x000028a9   0x4a  Code  Gb  OLED.o [1]
LCD_WrDat               0x00002859   0x4e  Code  Gb  OLED.o [1]
LED_P6x8Char            0x00002b2b   0x54  Code  Gb  OLED.o [1]
LED_PTxn                0x1fff0bec    0x4  Data  Gb  VCAN_LED.o [1]
LED_PrintValueF         0x00002da1  0x300  Code  Gb  OLED.o [1]
LED_PrintValueFP        0x00002c6d  0x134  Code  Gb  OLED.o [1]
L_Speed_err             0x1fff0fa8    0x8  Data  Gb  Speed.o [1]
L_base_speed            0x1fff1020    0x2  Data  Gb  Speed.o [1]
L_set_speed             0x1fff1024    0x2  Data  Gb  Speed.o [1]
L_set_speed_high        0x1fff1030    0x2  Data  Gb  Speed.o [1]
L_set_speed_low         0x1fff1028    0x2  Data  Gb  Speed.o [1]
L_set_speed_mid         0x1fff102c    0x2  Data  Gb  Speed.o [1]
LoadInt                 0x00000993   0x6e  Code  Lc  xprintflarge_nomb.o [3]
Motor_D                 0x1fff0f9c    0x4  Data  Gb  Speed.o [1]
Motor_I                 0x1fff0bdc    0x4  Data  Gb  Speed.o [1]
Motor_P                 0x1fff0bd8    0x4  Data  Gb  Speed.o [1]
Motor_PID_control       0x0000376d  0x392  Code  Gb  Speed.o [1]
NVIC_EnableIRQ          0x00006a61   0x14  Code  Lc  main.o [1]
NVIC_SystemReset        0x00003f29   0x1a  Code  Lc  MK60_conf.o [1]
Other_display           0x00001d6d  0x182  Code  Gb  Global.o [1]
PID_display             0x00001bff  0x168  Code  Gb  Global.o [1]
PIT0_IRQHandler         0x00006285  0x11a  Code  Gb  MK60_it.o [1]
PORTX                   0x1fff0bac   0x14  Data  Gb  MK60_port.o [1]
PixelAverage            0x00005c1f   0x28  Code  Gb  CCD.o [1]
R_Speed_err             0x1fff0fb0    0x8  Data  Gb  Speed.o [1]
R_base_speed            0x1fff1022    0x2  Data  Gb  Speed.o [1]
R_set_speed             0x1fff1026    0x2  Data  Gb  Speed.o [1]
R_set_speed_high        0x1fff1032    0x2  Data  Gb  Speed.o [1]
R_set_speed_low         0x1fff102a    0x2  Data  Gb  Speed.o [1]
R_set_speed_mid         0x1fff102e    0x2  Data  Gb  Speed.o [1]
Region$$Table$$Base     0x00006fb4          --   Gb  - Linker created -
Region$$Table$$Limit    0x00006fc4          --   Gb  - Linker created -
Reset_Handler           0x00000411         Code  Gb  startup_MK60DZ10.o [1]
SUM_L                   0x1fff0fa0    0x4  Data  Gb  Speed.o [1]
SUM_R                   0x1fff0fa4    0x4  Data  Gb  Speed.o [1]
Set_Speed               0x000036fd   0x70  Code  Gb  Speed.o [1]
Speed_control           0x00003b37  0x1b8  Code  Gb  Speed.o [1]
Steer_PWM_New           0x1fff0f80    0x4  Data  Gb  Direction.o [1]
Steer_PWM_Old           0x1fff0f7c    0x4  Data  Gb  Direction.o [1]
SteeringD               0x1fff0f84    0x4  Data  Gb  Direction.o [1]
SteeringP_1             0x1fff0410    0x4  Data  Gb  Direction.o [1]
Straight_flag           0x1fff1048    0x1  Data  Gb  Speed.o [1]
Threshold_Calculation   0x00005c47  0x23a  Code  Gb  CCD.o [1]
UARTN                   0x1fff0bc0   0x18  Data  Gb  MK60_uart.o [1]
_GenldLargeNoMb         0x00000d89  0x236  Code  Lc  xprintflarge_nomb.o [3]
_LdtobLargeNoMb         0x00000b09  0x27a  Code  Lc  xprintflarge_nomb.o [3]
_LitobLargeNoMb         0x00000a01  0x106  Code  Lc  xprintflarge_nomb.o [3]
_Locale_aeabi_lconv     0x1fff109c   0x38  Data  Gb  localeconv.o [3]
_Locale_lconv           0x1fff104c   0x50  Data  Gb  localeconv.o [3]
_PrintfLargeNoMb        0x00000419  0x574  Code  Gb  xprintflarge_nomb.o [3]
_Prout                  0x00007021   0x16  Code  Gb  xprout.o [3]
_PutcharsLargeNoMb      0x00000fbf   0x2e  Code  Lc  xprintflarge_nomb.o [3]
__BOOT_STACK_ADDRESS {Abs}
                        0x2000fff8          --   Gb  command line/config [2]
__VECTOR_RAM {Abs}      0x1fff0000          --   Gb  command line/config [2]
__VECTOR_TABLE {Abs}    0x00000000          --   Gb  command line/config [2]
__aeabi_cdcmpeq         0x0000499d         Code  Gb  DblCmpEq.o [4]
__aeabi_cdcmple         0x00001279         Code  Gb  DblCmpLe.o [4]
__aeabi_cdrcmple        0x00004779         Code  Gb  DblCmpGe.o [4]
__aeabi_d2f             0x00003dd9         Code  Gb  DblToFlt.o [4]
__aeabi_d2iz            0x00001695         Code  Gb  DblToI32.o [4]
__aeabi_d2uiz           0x000016c1         Code  Gb  DblToI32.o [4]
__aeabi_dadd            0x0000191d         Code  Gb  DblAdd.o [4]
__aeabi_ddiv            0x0000144d         Code  Gb  DblDiv.o [4]
__aeabi_dmul            0x000012a9         Code  Gb  DblMul.o [4]
__aeabi_dsub            0x0000171d         Code  Gb  DblSub.o [4]
__aeabi_errno_addr      0x00004911    0x6  Code  Gb  errno.o [3]
__aeabi_f2d             0x00003d89         Code  Gb  FltToDbl.o [4]
__aeabi_i2d             0x000016ed         Code  Gb  I32ToDbl.o [4]
__aeabi_ldiv0           0x00001919         Code  Gb  I64DivZer.o [5]
__aeabi_ui2d            0x00001701         Code  Gb  I32ToDbl.o [4]
__aeabi_uldivmod        0x000010d1         Code  Gb  I64DivMod.o [5]
__cmain                 0x00006fe5         Code  Gb  cmain.o [5]
__code_start__ {Abs}    0x00000410          --   Gb  command line/config [2]
__exit                  0x00007015         Code  Gb  XXexit.o [5]
__iar_Dint              0x0000491d   0x7e  Code  Gb  xdint.o [4]
__iar_Dnorm             0x00001237   0x42  Code  Gb  xdnorm.o [4]
__iar_Errno             0x1fff10d4    0x4  Data  Gb  errno.o [3]
__iar_Locale_lconv_init
                        0x0000189d   0x3a  Code  Gb  localeconv.o [3]
__iar_Memchr            0x00001079         Code  Gb  memchr.o [5]
__iar_Quad              0x000047a9  0x12c  Code  Gb  xquad.o [4]
__iar_Stdout            0x1fff0bf0   0x40  Data  Gb  xfiles.o [3]
__iar_Strchr            0x00001029         Code  Gb  strchr.o [5]
__iar_d2uiz             0x000016cd         Code  Gb  DblToI32.o [4]
__iar_dadd              0x00001931         Code  Gb  DblAdd.o [4]
__iar_data_init3        0x00006f45   0x28  Code  Gb  data_init.o [5]
__iar_dlib_perthread_access
                        0x00001a05    0x2  Code  Gb  xtls.o [3]
__iar_dsub              0x00001731         Code  Gb  DblSub.o [4]
__iar_dsubStart         0x00001743         Code  Gb  DblSub.o [4]
__iar_edom              0x00004b65         Code  Gb  iarEdom.o [5]
__iar_fmod              0x000049bd         Code  Gb  fmod.o [4]
__iar_fmodl             0x000049bd         Code  Gb  fmod.o [4]
__iar_init_vfp          0x00006f91         Code  Gb  fpinit_M.o [4]
__iar_program_start     0x00007059         Code  Gb  cstartup_M.o [5]
__iar_ui2d              0x00001705         Code  Gb  I32ToDbl.o [4]
__iar_unaligned___aeabi_memcpy
                        0x000011c1         Code  Gb  ABImemcpy_unaligned.o [5]
__iar_unaligned___aeabi_memcpy4
                        0x000011e1         Code  Gb  ABImemcpy_unaligned.o [5]
__iar_unaligned___aeabi_memcpy8
                        0x000011e1         Code  Gb  ABImemcpy_unaligned.o [5]
__iar_vfp_tan           0x000043ed   0x10  Code  Gb  tan.o [4]
__iar_zero_init3        0x00001007   0x22  Code  Gb  zero_init3.o [5]
__low_level_init        0x00006fff    0x4  Code  Gb  low_level_init.o [3]
__vector_table          0x00000000  0x410  Data  Gb  vectors.o [1]
_call_main              0x00006ff1         Code  Gb  cmain.o [5]
_exit                   0x00007009         Code  Gb  cexit.o [5]
_main                   0x00006ffb         Code  Gb  cmain.o [5]
adc_init                0x00002525  0x20e  Code  Gb  MK60_adc.o [1]
adc_once                0x00002733   0x50  Code  Gb  MK60_adc.o [1]
adc_start               0x00002783   0x44  Code  Lc  MK60_adc.o [1]
assert_failed           0x00003f43   0x26  Code  Gb  MK60_conf.o [1]
bus_clk_khz             0x1fff0fcc    0x4  Data  Gb  system_MK60DZ10.o [1]
ccd1                    0x1fff0e20   0xa8  Data  Gb  CCD.o [1]
ccd2                    0x1fff0ec8   0xa8  Data  Gb  CCD.o [1]
common_startup          0x0000694b   0x98  Code  Gb  system_MK60DZ10.o [1]
core_clk_khz            0x1fff0fc4    0x4  Data  Gb  system_MK60DZ10.o [1]
core_clk_mhz            0x1fff0fc8    0x4  Data  Gb  system_MK60DZ10.o [1]
default_isr             0x00004017   0x30  Code  Gb  MK60_conf.o [1]
display_flag            0x1fff1041    0x1  Data  Gb  Global.o [1]
div                     0x00001909    0xe  Code  Gb  div.o [3]
down_count              0x1fff103d    0x1  Data  Gb  Direction.o [1]
down_num                0x1fff103f    0x1  Data  Gb  Direction.o [1]
exit                    0x00007003    0x4  Code  Gb  exit.o [3]
flag_Board              0x1fff1040    0x1  Data  Gb  Global.o [1]
flash_cmd               0x1fff0c41   0x20  Code  Gb  MK60_flash.o [1]
flash_erase_sector      0x1fff0c85   0x5c  Code  Gb  MK60_flash.o [1]
flash_init              0x1fff0c61   0x24  Code  Gb  MK60_flash.o [1]
flash_write             0x1fff0ce1   0xb4  Code  Gb  MK60_flash.o [1]
fmod                    0x000049bd         Code  Gb  fmod.o [4]
fmodl                   0x000049bd         Code  Gb  fmod.o [4]
fputc                   0x00003f69   0x14  Code  Gb  MK60_conf.o [1]
ftm_mod                 0x1fff0f88   0x10  Data  Lc  MK60_ftm.o [1]
ftm_pwm_duty            0x0000340b  0x11a  Code  Gb  MK60_ftm.o [1]
ftm_pwm_init            0x00003261  0x1aa  Code  Gb  MK60_ftm.o [1]
ftm_quad_clean          0x00003657   0x28  Code  Gb  MK60_ftm.o [1]
ftm_quad_get            0x0000362b   0x2c  Code  Gb  MK60_ftm.o [1]
ftm_quad_init           0x00003525  0x106  Code  Gb  MK60_ftm.o [1]
go_flag                 0x1fff0414    0x1  Data  Gb  Global.o [1]
gpio_get                0x000024e3   0x3a  Code  Gb  MK60_gpio.o [1]
gpio_init               0x000023fd   0xae  Code  Gb  MK60_gpio.o [1]
gpio_turn               0x000024ab   0x38  Code  Gb  MK60_gpio.o [1]
init                    0x00001a09  0x1f6  Code  Gb  Global.o [1]
key_check               0x00004749   0x2a  Code  Gb  VCAN_key.o [1]
key_get                 0x0000472f   0x1a  Code  Gb  VCAN_key.o [1]
key_init                0x000046dd   0x52  Code  Gb  VCAN_key.o [1]
led_init                0x000043fd   0x3a  Code  Gb  VCAN_LED.o [1]
led_turn                0x00004437   0x32  Code  Gb  VCAN_LED.o [1]
level                   0x1fff0415    0x1  Data  Gb  Global.o [1]
localeconv              0x000018d7   0x16  Code  Gb  localeconv.o [3]
main                    0x00006a75   0x1c  Code  Gb  main.o [1]
mcg_cfg                 0x1fff0b50   0x58  Data  Gb  MK60_mcg.o [1]
mcg_div                 0x1fff0ba8    0x4  Data  Gb  MK60_mcg.o [1]
mcg_div_count           0x00005eb1  0x304  Code  Gb  MK60_mcg.o [1]
memchr                  0x00001079         Code  Gb  memchr.o [5]
obuf                    0x1fff0fd0   0x50  Data  Lc  xfiles.o [3]
pit_init                0x000027dd   0x6c  Code  Gb  MK60_PIT.o [1]
pll_init                0x000061b5   0xb2  Code  Gb  MK60_mcg.o [1]
port_init               0x00003e69   0x44  Code  Gb  MK60_port.o [1]
port_init_NoALT         0x00003ead   0x62  Code  Gb  MK60_port.o [1]
printf                  0x0000446d   0x24  Code  Gb  printf.o [3]
putchar                 0x00007039    0xc  Code  Gb  putchar.o [3]
real_speed              0x1fff1038    0x2  Data  Gb  Speed.o [1]
ruwan_flag              0x1fff1047    0x1  Data  Gb  Speed.o [1]
set_sys_dividers        0x1fff0dd1   0x50  Code  Gb  MK60_mcg.o [1]
set_vector_handler      0x00006abb   0x22  Code  Gb  misc.o [1]
slow_flag               0x1fff0b4c    0x1  Data  Gb  MK60_it.o [1]
slow_mode               0x1fff1044    0x1  Data  Gb  MK60_it.o [1]
speed_Lnum              0x1fff1034    0x2  Data  Gb  Speed.o [1]
speed_MAX               0x1fff0be0    0x4  Data  Gb  Speed.o [1]
speed_Rnum              0x1fff1036    0x2  Data  Gb  Speed.o [1]
start                   0x000068e1   0x2e  Code  Gb  system_MK60DZ10.o [1]
start_check             0x00003f7d   0x9a  Code  Gb  MK60_conf.o [1]
start_time              0x1fff0f98    0x4  Data  Gb  MK60_it.o [1]
stop_flag               0x1fff1045    0x1  Data  Gb  Speed.o [1]
stop_mode               0x1fff1043    0x1  Data  Gb  MK60_it.o [1]
strchr                  0x00001029         Code  Gb  strchr.o [5]
strlen                  0x00001041         Code  Gb  strlen.o [5]
sysinit                 0x0000690f   0x3c  Code  Gb  system_MK60DZ10.o [1]
systick_delay           0x00003699   0x36  Code  Gb  MK60_SysTick.o [1]
systick_delay_ms        0x000036cf   0x18  Code  Gb  MK60_SysTick.o [1]
tan                     0x00004069  0x37e  Code  Gb  tan.o [4]
tanAngle                0x1fff0fbc    0x4  Data  Gb  Speed.o [1]
uart_init               0x00004491  0x218  Code  Gb  MK60_uart.o [1]
uart_putchar            0x000046a9   0x1a  Code  Gb  MK60_uart.o [1]
up_count                0x1fff103c    0x1  Data  Gb  Direction.o [1]
up_num                  0x1fff103e    0x1  Data  Gb  Direction.o [1]
vector_str              0x1fff0420  0x708  Data  Gb  MK60_conf.o [1]
wdog_disable            0x00006a21   0x16  Code  Gb  MK60_wdog.o [1]
wdog_unlock             0x00006a37   0x20  Code  Lc  MK60_wdog.o [1]
write_vtor              0x00006a99   0x22  Code  Gb  misc.o [1]
zhidao_num1             0x1fff1049    0x1  Data  Gb  Speed.o [1]
zhidao_num2             0x1fff104a    0x1  Data  Gb  Speed.o [1]


[1] = C:\Users\Tang\Desktop\k60\山外K60参考代码V5.3（支持FX、FN和DNZ）\书外的参考例程\LCD_线性CCD_无线传输\小车程序\Prj\IAR\FX15_Debug\Obj
[2] = command line
[3] = dl7M_tlf.a
[4] = m7M_tlv.a
[5] = rt7M_tl.a

  23 382 bytes of readonly  code memory
     496 bytes of readwrite code memory
   5 626 bytes of readonly  data memory
   2 775 bytes of readwrite data memory

Errors: none
Warnings: none
