###############################################################################
#
# IAR ELF Linker V7.30.1.7746/W32 for ARM                 13/Mar/2016  10:05:20
# Copyright 2007-2014 IAR Systems AB.
#
#    Output file  =  
#        C:\Users\Tang\Desktop\k60\山外K60参考代码V5.3（支持FX、FN和DNZ）\书外的参考例程\LCD_线性CCD_无线传输\小车程序\Prj\IAR\DZ10_Debug\Exe\vcan_Kinetis.out
#    Map file     =  
#        C:\Users\Tang\Desktop\k60\山外K60参考代码V5.3（支持FX、FN和DNZ）\书外的参考例程\LCD_线性CCD_无线传输\小车程序\Prj\IAR\DZ10_Debug\List\vcan_Kinetis.map
#    Command line =  
#        C:\Users\Tang\Desktop\k60\山外K60参考代码V5.3（支持FX、FN和DNZ）\书外的参考例程\LCD_线性CCD_无线传输\小车程序\Prj\IAR\DZ10_Debug\Obj\CCD.o
#        C:\Users\Tang\Desktop\k60\山外K60参考代码V5.3（支持FX、FN和DNZ）\书外的参考例程\LCD_线性CCD_无线传输\小车程序\Prj\IAR\DZ10_Debug\Obj\Direction.o
#        C:\Users\Tang\Desktop\k60\山外K60参考代码V5.3（支持FX、FN和DNZ）\书外的参考例程\LCD_线性CCD_无线传输\小车程序\Prj\IAR\DZ10_Debug\Obj\diskio.o
#        C:\Users\Tang\Desktop\k60\山外K60参考代码V5.3（支持FX、FN和DNZ）\书外的参考例程\LCD_线性CCD_无线传输\小车程序\Prj\IAR\DZ10_Debug\Obj\ff.o
#        C:\Users\Tang\Desktop\k60\山外K60参考代码V5.3（支持FX、FN和DNZ）\书外的参考例程\LCD_线性CCD_无线传输\小车程序\Prj\IAR\DZ10_Debug\Obj\Global.o
#        C:\Users\Tang\Desktop\k60\山外K60参考代码V5.3（支持FX、FN和DNZ）\书外的参考例程\LCD_线性CCD_无线传输\小车程序\Prj\IAR\DZ10_Debug\Obj\main.o
#        C:\Users\Tang\Desktop\k60\山外K60参考代码V5.3（支持FX、FN和DNZ）\书外的参考例程\LCD_线性CCD_无线传输\小车程序\Prj\IAR\DZ10_Debug\Obj\misc.o
#        C:\Users\Tang\Desktop\k60\山外K60参考代码V5.3（支持FX、FN和DNZ）\书外的参考例程\LCD_线性CCD_无线传输\小车程序\Prj\IAR\DZ10_Debug\Obj\MK60_adc.o
#        C:\Users\Tang\Desktop\k60\山外K60参考代码V5.3（支持FX、FN和DNZ）\书外的参考例程\LCD_线性CCD_无线传输\小车程序\Prj\IAR\DZ10_Debug\Obj\MK60_can.o
#        C:\Users\Tang\Desktop\k60\山外K60参考代码V5.3（支持FX、FN和DNZ）\书外的参考例程\LCD_线性CCD_无线传输\小车程序\Prj\IAR\DZ10_Debug\Obj\MK60_conf.o
#        C:\Users\Tang\Desktop\k60\山外K60参考代码V5.3（支持FX、FN和DNZ）\书外的参考例程\LCD_线性CCD_无线传输\小车程序\Prj\IAR\DZ10_Debug\Obj\MK60_dac.o
#        C:\Users\Tang\Desktop\k60\山外K60参考代码V5.3（支持FX、FN和DNZ）\书外的参考例程\LCD_线性CCD_无线传输\小车程序\Prj\IAR\DZ10_Debug\Obj\MK60_dma.o
#        C:\Users\Tang\Desktop\k60\山外K60参考代码V5.3（支持FX、FN和DNZ）\书外的参考例程\LCD_线性CCD_无线传输\小车程序\Prj\IAR\DZ10_Debug\Obj\MK60_DWT.o
#        C:\Users\Tang\Desktop\k60\山外K60参考代码V5.3（支持FX、FN和DNZ）\书外的参考例程\LCD_线性CCD_无线传输\小车程序\Prj\IAR\DZ10_Debug\Obj\MK60_flash.o
#        C:\Users\Tang\Desktop\k60\山外K60参考代码V5.3（支持FX、FN和DNZ）\书外的参考例程\LCD_线性CCD_无线传输\小车程序\Prj\IAR\DZ10_Debug\Obj\MK60_flexbus.o
#        C:\Users\Tang\Desktop\k60\山外K60参考代码V5.3（支持FX、FN和DNZ）\书外的参考例程\LCD_线性CCD_无线传输\小车程序\Prj\IAR\DZ10_Debug\Obj\MK60_ftm.o
#        C:\Users\Tang\Desktop\k60\山外K60参考代码V5.3（支持FX、FN和DNZ）\书外的参考例程\LCD_线性CCD_无线传输\小车程序\Prj\IAR\DZ10_Debug\Obj\MK60_gpio.o
#        C:\Users\Tang\Desktop\k60\山外K60参考代码V5.3（支持FX、FN和DNZ）\书外的参考例程\LCD_线性CCD_无线传输\小车程序\Prj\IAR\DZ10_Debug\Obj\MK60_i2c.o
#        C:\Users\Tang\Desktop\k60\山外K60参考代码V5.3（支持FX、FN和DNZ）\书外的参考例程\LCD_线性CCD_无线传输\小车程序\Prj\IAR\DZ10_Debug\Obj\MK60_it.o
#        C:\Users\Tang\Desktop\k60\山外K60参考代码V5.3（支持FX、FN和DNZ）\书外的参考例程\LCD_线性CCD_无线传输\小车程序\Prj\IAR\DZ10_Debug\Obj\MK60_lptmr.o
#        C:\Users\Tang\Desktop\k60\山外K60参考代码V5.3（支持FX、FN和DNZ）\书外的参考例程\LCD_线性CCD_无线传输\小车程序\Prj\IAR\DZ10_Debug\Obj\MK60_mcg.o
#        C:\Users\Tang\Desktop\k60\山外K60参考代码V5.3（支持FX、FN和DNZ）\书外的参考例程\LCD_线性CCD_无线传输\小车程序\Prj\IAR\DZ10_Debug\Obj\MK60_PIT.o
#        C:\Users\Tang\Desktop\k60\山外K60参考代码V5.3（支持FX、FN和DNZ）\书外的参考例程\LCD_线性CCD_无线传输\小车程序\Prj\IAR\DZ10_Debug\Obj\MK60_port.o
#        C:\Users\Tang\Desktop\k60\山外K60参考代码V5.3（支持FX、FN和DNZ）\书外的参考例程\LCD_线性CCD_无线传输\小车程序\Prj\IAR\DZ10_Debug\Obj\MK60_rtc.o
#        C:\Users\Tang\Desktop\k60\山外K60参考代码V5.3（支持FX、FN和DNZ）\书外的参考例程\LCD_线性CCD_无线传输\小车程序\Prj\IAR\DZ10_Debug\Obj\MK60_sdhc.o
#        C:\Users\Tang\Desktop\k60\山外K60参考代码V5.3（支持FX、FN和DNZ）\书外的参考例程\LCD_线性CCD_无线传输\小车程序\Prj\IAR\DZ10_Debug\Obj\MK60_spi.o
#        C:\Users\Tang\Desktop\k60\山外K60参考代码V5.3（支持FX、FN和DNZ）\书外的参考例程\LCD_线性CCD_无线传输\小车程序\Prj\IAR\DZ10_Debug\Obj\MK60_SysTick.o
#        C:\Users\Tang\Desktop\k60\山外K60参考代码V5.3（支持FX、FN和DNZ）\书外的参考例程\LCD_线性CCD_无线传输\小车程序\Prj\IAR\DZ10_Debug\Obj\MK60_uart.o
#        C:\Users\Tang\Desktop\k60\山外K60参考代码V5.3（支持FX、FN和DNZ）\书外的参考例程\LCD_线性CCD_无线传输\小车程序\Prj\IAR\DZ10_Debug\Obj\MK60_usb.o
#        C:\Users\Tang\Desktop\k60\山外K60参考代码V5.3（支持FX、FN和DNZ）\书外的参考例程\LCD_线性CCD_无线传输\小车程序\Prj\IAR\DZ10_Debug\Obj\MK60_wdog.o
#        C:\Users\Tang\Desktop\k60\山外K60参考代码V5.3（支持FX、FN和DNZ）\书外的参考例程\LCD_线性CCD_无线传输\小车程序\Prj\IAR\DZ10_Debug\Obj\OLED.o
#        C:\Users\Tang\Desktop\k60\山外K60参考代码V5.3（支持FX、FN和DNZ）\书外的参考例程\LCD_线性CCD_无线传输\小车程序\Prj\IAR\DZ10_Debug\Obj\Speed.o
#        C:\Users\Tang\Desktop\k60\山外K60参考代码V5.3（支持FX、FN和DNZ）\书外的参考例程\LCD_线性CCD_无线传输\小车程序\Prj\IAR\DZ10_Debug\Obj\startup_MK60DZ10.o
#        C:\Users\Tang\Desktop\k60\山外K60参考代码V5.3（支持FX、FN和DNZ）\书外的参考例程\LCD_线性CCD_无线传输\小车程序\Prj\IAR\DZ10_Debug\Obj\system_MK60DZ10.o
#        C:\Users\Tang\Desktop\k60\山外K60参考代码V5.3（支持FX、FN和DNZ）\书外的参考例程\LCD_线性CCD_无线传输\小车程序\Prj\IAR\DZ10_Debug\Obj\USB.o
#        C:\Users\Tang\Desktop\k60\山外K60参考代码V5.3（支持FX、FN和DNZ）\书外的参考例程\LCD_线性CCD_无线传输\小车程序\Prj\IAR\DZ10_Debug\Obj\USB_CDC.o
#        C:\Users\Tang\Desktop\k60\山外K60参考代码V5.3（支持FX、FN和DNZ）\书外的参考例程\LCD_线性CCD_无线传输\小车程序\Prj\IAR\DZ10_Debug\Obj\VCAN_ASCII.o
#        C:\Users\Tang\Desktop\k60\山外K60参考代码V5.3（支持FX、FN和DNZ）\书外的参考例程\LCD_线性CCD_无线传输\小车程序\Prj\IAR\DZ10_Debug\Obj\VCAN_BMP.o
#        C:\Users\Tang\Desktop\k60\山外K60参考代码V5.3（支持FX、FN和DNZ）\书外的参考例程\LCD_线性CCD_无线传输\小车程序\Prj\IAR\DZ10_Debug\Obj\VCAN_camera.o
#        C:\Users\Tang\Desktop\k60\山外K60参考代码V5.3（支持FX、FN和DNZ）\书外的参考例程\LCD_线性CCD_无线传输\小车程序\Prj\IAR\DZ10_Debug\Obj\VCAN_computer.o
#        C:\Users\Tang\Desktop\k60\山外K60参考代码V5.3（支持FX、FN和DNZ）\书外的参考例程\LCD_线性CCD_无线传输\小车程序\Prj\IAR\DZ10_Debug\Obj\vcan_img2sd.o
#        C:\Users\Tang\Desktop\k60\山外K60参考代码V5.3（支持FX、FN和DNZ）\书外的参考例程\LCD_线性CCD_无线传输\小车程序\Prj\IAR\DZ10_Debug\Obj\VCAN_key.o
#        C:\Users\Tang\Desktop\k60\山外K60参考代码V5.3（支持FX、FN和DNZ）\书外的参考例程\LCD_线性CCD_无线传输\小车程序\Prj\IAR\DZ10_Debug\Obj\VCAN_key_event.o
#        C:\Users\Tang\Desktop\k60\山外K60参考代码V5.3（支持FX、FN和DNZ）\书外的参考例程\LCD_线性CCD_无线传输\小车程序\Prj\IAR\DZ10_Debug\Obj\VCAN_LCD.o
#        C:\Users\Tang\Desktop\k60\山外K60参考代码V5.3（支持FX、FN和DNZ）\书外的参考例程\LCD_线性CCD_无线传输\小车程序\Prj\IAR\DZ10_Debug\Obj\VCAN_LCD_CH.o
#        C:\Users\Tang\Desktop\k60\山外K60参考代码V5.3（支持FX、FN和DNZ）\书外的参考例程\LCD_线性CCD_无线传输\小车程序\Prj\IAR\DZ10_Debug\Obj\VCAN_LCD_ILI9341.o
#        C:\Users\Tang\Desktop\k60\山外K60参考代码V5.3（支持FX、FN和DNZ）\书外的参考例程\LCD_线性CCD_无线传输\小车程序\Prj\IAR\DZ10_Debug\Obj\VCAN_LCD_ST7735R.o
#        C:\Users\Tang\Desktop\k60\山外K60参考代码V5.3（支持FX、FN和DNZ）\书外的参考例程\LCD_线性CCD_无线传输\小车程序\Prj\IAR\DZ10_Debug\Obj\VCAN_LCD_ST7735S.o
#        C:\Users\Tang\Desktop\k60\山外K60参考代码V5.3（支持FX、FN和DNZ）\书外的参考例程\LCD_线性CCD_无线传输\小车程序\Prj\IAR\DZ10_Debug\Obj\VCAN_LED.o
#        C:\Users\Tang\Desktop\k60\山外K60参考代码V5.3（支持FX、FN和DNZ）\书外的参考例程\LCD_线性CCD_无线传输\小车程序\Prj\IAR\DZ10_Debug\Obj\VCAN_MMA7455.o
#        C:\Users\Tang\Desktop\k60\山外K60参考代码V5.3（支持FX、FN和DNZ）\书外的参考例程\LCD_线性CCD_无线传输\小车程序\Prj\IAR\DZ10_Debug\Obj\VCAN_NRF24L0.o
#        C:\Users\Tang\Desktop\k60\山外K60参考代码V5.3（支持FX、FN和DNZ）\书外的参考例程\LCD_线性CCD_无线传输\小车程序\Prj\IAR\DZ10_Debug\Obj\VCAN_NRF24L0_MSG.o
#        C:\Users\Tang\Desktop\k60\山外K60参考代码V5.3（支持FX、FN和DNZ）\书外的参考例程\LCD_线性CCD_无线传输\小车程序\Prj\IAR\DZ10_Debug\Obj\VCAN_OV7725_Eagle.o
#        C:\Users\Tang\Desktop\k60\山外K60参考代码V5.3（支持FX、FN和DNZ）\书外的参考例程\LCD_线性CCD_无线传输\小车程序\Prj\IAR\DZ10_Debug\Obj\VCAN_OV7725_Wolf.o
#        C:\Users\Tang\Desktop\k60\山外K60参考代码V5.3（支持FX、FN和DNZ）\书外的参考例程\LCD_线性CCD_无线传输\小车程序\Prj\IAR\DZ10_Debug\Obj\VCAN_RTC_count.o
#        C:\Users\Tang\Desktop\k60\山外K60参考代码V5.3（支持FX、FN和DNZ）\书外的参考例程\LCD_线性CCD_无线传输\小车程序\Prj\IAR\DZ10_Debug\Obj\VCAN_SCCB.o
#        C:\Users\Tang\Desktop\k60\山外K60参考代码V5.3（支持FX、FN和DNZ）\书外的参考例程\LCD_线性CCD_无线传输\小车程序\Prj\IAR\DZ10_Debug\Obj\vcan_sd_app.o
#        C:\Users\Tang\Desktop\k60\山外K60参考代码V5.3（支持FX、FN和DNZ）\书外的参考例程\LCD_线性CCD_无线传输\小车程序\Prj\IAR\DZ10_Debug\Obj\Vcan_touch.o
#        C:\Users\Tang\Desktop\k60\山外K60参考代码V5.3（支持FX、FN和DNZ）\书外的参考例程\LCD_线性CCD_无线传输\小车程序\Prj\IAR\DZ10_Debug\Obj\VCAN_TSL1401.o
#        C:\Users\Tang\Desktop\k60\山外K60参考代码V5.3（支持FX、FN和DNZ）\书外的参考例程\LCD_线性CCD_无线传输\小车程序\Prj\IAR\DZ10_Debug\Obj\VCAN_UI_VAR.o
#        C:\Users\Tang\Desktop\k60\山外K60参考代码V5.3（支持FX、FN和DNZ）\书外的参考例程\LCD_线性CCD_无线传输\小车程序\Prj\IAR\DZ10_Debug\Obj\vectors.o
#        --redirect _Printf=_PrintfLargeNoMb --redirect _Scanf=_ScanfLargeNoMb
#        -o
#        C:\Users\Tang\Desktop\k60\山外K60参考代码V5.3（支持FX、FN和DNZ）\书外的参考例程\LCD_线性CCD_无线传输\小车程序\Prj\IAR\DZ10_Debug\Exe\vcan_Kinetis.out
#        --map
#        C:\Users\Tang\Desktop\k60\山外K60参考代码V5.3（支持FX、FN和DNZ）\书外的参考例程\LCD_线性CCD_无线传输\小车程序\Prj\IAR\DZ10_Debug\List\vcan_Kinetis.map
#        --config
#        "C:\Users\Tang\Desktop\k60\山外K60参考代码V5.3（支持FX、FN和DNZ）\书外的参考例程\LCD_线性CCD_无线传输\小车程序\Prj\IAR\config
#        files\vcan_ROM_K60N512.icf"
#        C:\Users\Tang\Desktop\k60\山外K60参考代码V5.3（支持FX、FN和DNZ）\书外的参考例程\LCD_线性CCD_无线传输\小车程序\Prj\IAR\..\..\Lib\CMSIS\iar_cortexM4l_math.a
#        --entry __iar_program_start --vfe
#
###############################################################################

*******************************************************************************
*** RUNTIME MODEL ATTRIBUTES
***

CppFlavor       = *
__SystemLibrary = DLib


*******************************************************************************
*** PLACEMENT SUMMARY
***

"A1":  place at 0x00000000 { ro section .intvec };
"A2":  place at 0x00000410 { ro section .noinit };
"P1":  place in [from 0x00000000 to 0x00080000] { ro, block CodeRelocate };
"P2":  place in [from 0x1fff0410 to 0x20010000] {
          rw, block CodeRelocateRam, block CSTACK, block HEAP };

  Section              Kind        Address    Size  Object
  -------              ----        -------    ----  ------
"A1":                                        0x410
  .intvec              const    0x00000000   0x410  vectors.o [1]
                              - 0x00000410   0x410

"P1", part 1 of 2:                             0x0
  .rodata              const    0x00000410     0x0  zero_init3.o [5]

"A2":                                          0x8
  .noinit              ro code  0x00000410     0x8  startup_MK60DZ10.o [1]
                              - 0x00000418     0x8

"P1", part 2 of 2:                          0x59ac
  .text                ro code  0x00000418   0xbee  xprintflarge_nomb.o [3]
  .text                ro code  0x00001006    0x22  zero_init3.o [5]
  .text                ro code  0x00001028    0x16  strchr.o [5]
  .text                ro code  0x00001040    0x36  strlen.o [5]
  .text                ro code  0x00001078    0x58  memchr.o [5]
  .text                ro code  0x000010d0    0xee  I64DivMod.o [5]
  .text                ro code  0x000011c0    0x76  ABImemcpy_unaligned.o [5]
  .text                ro code  0x00001236    0x42  xdnorm.o [4]
  .text                ro code  0x00001278    0x2e  DblCmpLe.o [4]
  .text                ro code  0x000012a8   0x1a2  DblMul.o [4]
  .text                ro code  0x0000144c   0x246  DblDiv.o [4]
  .text                ro code  0x00001694    0x58  DblToI32.o [4]
  .text                ro code  0x000016ec    0x1c  I32ToDbl.o [4]
  .text                ro code  0x00001708   0x180  DblSub.o [4]
  .text                ro code  0x00001888    0x6c  localeconv.o [3]
  .text                ro code  0x000018f4     0xe  div.o [3]
  .text                ro code  0x00001904     0x2  I64DivZer.o [5]
  .text                ro code  0x00001908    0xe8  DblAdd.o [4]
  .text                ro code  0x000019f0     0x2  xtls.o [3]
  .data_init                    0x000019f4   0x810  <Block>
    Initializer bytes  ro data  0x000019f4   0x810  <for .data-1> (used: 0x80c)
  .text                ro code  0x00002204   0x7e0  OLED.o [1]
  .text                ro code  0x000029e4   0x128  MK60_gpio.o [1]
  .text                ro code  0x00002b0c    0x44  FltToS32.o [4]
  .text                ro code  0x00002b50    0x32  I32ToFlt.o [4]
  .text                ro code  0x00002b84    0xe6  FltSub.o [4]
  .text                ro code  0x00002c6c    0xd8  FltMul.o [4]
  .text                ro code  0x00002d44    0x24  FltCmpLe.o [4]
  .text                ro code  0x00002d68    0xb0  MK60_port.o [1]
  Veneer               ro code  0x00002e18     0x8  - Linker created -
  Veneer               ro code  0x00002e20     0x8  - Linker created -
  .text                ro code  0x00002e28   0x140  MK60_conf.o [1]
  .text                ro code  0x00002f68    0x84  FltAdd.o [4]
  .text                ro code  0x00002fec    0x70  VCAN_LED.o [1]
  .text                ro code  0x0000305c    0x24  printf.o [3]
  .text                ro code  0x00003080    0x64  MK60_SysTick.o [1]
  .text                ro code  0x000030e4   0x24c  MK60_uart.o [1]
  .text                ro code  0x00003330    0x9c  VCAN_key.o [1]
  .text                ro code  0x000033cc   0x6f0  Global.o [1]
  .text                ro code  0x00003abc   0x2b8  MK60_adc.o [1]
  .text                ro code  0x00003d74    0x7c  MK60_PIT.o [1]
  .text                ro code  0x00003df0   0x3ac  MK60_ftm.o [1]
  .text                ro code  0x0000419c    0x4e  FltToDbl.o [4]
  .text                ro code  0x000041ec    0x90  DblToFlt.o [4]
  .text                ro code  0x0000427c   0x618  Direction.o [1]
  .text                ro code  0x00004894    0x24  FltCmpGe.o [4]
  .text                ro code  0x000048b8    0x24  FltToU32.o [4]
  .text                ro code  0x000048dc   0x4b8  CCD.o [1]
  Veneer               ro code  0x00004d94     0x8  - Linker created -
  .text                ro code  0x00004d9c   0x3c8  MK60_mcg.o [1]
  .rodata              const    0x00005164   0x228  OLED.o [1]
  CodeRelocate                  0x0000538c   0x1c8  <Block>
    Initializer bytes  ro data  0x0000538c   0x1c8  <for CodeRelocateRam-1>
  .text                ro code  0x00005554   0x130  system_MK60DZ10.o [1]
  .text                ro code  0x00005684    0x40  MK60_wdog.o [1]
  .text                ro code  0x000056c4    0x38  main.o [1]
  .text                ro code  0x000056fc    0x50  misc.o [1]
  .rodata              const    0x0000574c    0x88  MK60_SysTick.o [1]
  .rodata              const    0x000057d4    0x84  MK60_adc.o [1]
  .rodata              const    0x00005858    0x84  MK60_flash.o [1]
  .rodata              const    0x000058dc    0x84  MK60_ftm.o [1]
  .rodata              const    0x00005960    0x84  MK60_gpio.o [1]
  .rodata              const    0x000059e4    0x84  MK60_PIT.o [1]
  .rodata              const    0x00005a68    0x84  MK60_uart.o [1]
  .rodata              const    0x00005aec    0x80  misc.o [1]
  .text                ro code  0x00005b6c    0x6c  MK60_it.o [1]
  .rodata              const    0x00005bd8    0x3c  MK60_conf.o [1]
  .text                ro code  0x00005c14    0x28  data_init.o [5]
  .rodata              const    0x00005c3c    0x24  MK60_conf.o [1]
  .iar.init_table      const    0x00005c60    0x10  - Linker created -
  .rodata              const    0x00005c70    0x20  MK60_conf.o [1]
  .text                ro code  0x00005c90    0x1a  cmain.o [5]
  .text                ro code  0x00005caa     0x4  low_level_init.o [3]
  .text                ro code  0x00005cae     0x4  exit.o [3]
  .text                ro code  0x00005cb4     0xa  cexit.o [5]
  .text                ro code  0x00005cc0     0xc  XXexit.o [5]
  .text                ro code  0x00005ccc    0x16  xprout.o [3]
  .text                ro code  0x00005ce4     0xc  putchar.o [3]
  .rodata              const    0x00005cf0    0x14  MK60_conf.o [1]
  .rodata              const    0x00005d04     0xc  Global.o [1]
  .text                ro code  0x00005d10     0xc  cstartup_M.o [5]
  .rodata              const    0x00005d1c     0x8  Global.o [1]
  .rodata              const    0x00005d24     0x8  Global.o [1]
  .rodata              const    0x00005d2c     0x8  Global.o [1]
  .rodata              const    0x00005d34     0x8  Global.o [1]
  Initializer bytes    ro data  0x00005d3c    0x88  <for P2 s0>
                              - 0x00005dc4  0x59ac

"P2":                                        0xb88
  .data                         0x1fff0410   0x80c  <Block>
    .data-1                     0x1fff0410   0x80c  <Init block>
      .data            inited   0x1fff0410     0x1  CCD.o [1]
      .data            inited   0x1fff0411     0x1  CCD.o [1]
      .data            inited   0x1fff0412     0x1  CCD.o [1]
      .data            inited   0x1fff0413     0x1  CCD.o [1]
      .data            inited   0x1fff0414     0x1  Direction.o [1]
      .data            inited   0x1fff0415     0x1  Direction.o [1]
      .data            inited   0x1fff0418     0x4  Direction.o [1]
      .data            inited   0x1fff041c     0x4  Direction.o [1]
      .data            inited   0x1fff0420     0x1  Global.o [1]
      .data            inited   0x1fff0424     0x8  MK60_adc.o [1]
      .data            inited   0x1fff042c   0x708  MK60_conf.o [1]
      .data            inited   0x1fff0b34     0xc  MK60_ftm.o [1]
      .data            inited   0x1fff0b40    0x14  MK60_gpio.o [1]
      .data            inited   0x1fff0b54    0x44  MK60_mcg.o [1]
      .data            inited   0x1fff0b98     0x4  MK60_mcg.o [1]
      .data            inited   0x1fff0b9c    0x14  MK60_port.o [1]
      .data            inited   0x1fff0bb0    0x18  MK60_uart.o [1]
      .data            inited   0x1fff0bc8     0x4  Speed.o [1]
      .data            inited   0x1fff0bcc     0x4  Speed.o [1]
      .data            inited   0x1fff0bd0     0x8  VCAN_key.o [1]
      .data            inited   0x1fff0bd8     0x4  VCAN_LED.o [1]
      .data            inited   0x1fff0bdc    0x40  xfiles.o [3]
  CodeRelocateRam               0x1fff0c1c   0x1c8  <Block>
    CodeRelocateRam-1           0x1fff0c1c   0x1c8  <Init block>
      Veneer           inited   0x1fff0c1c     0x8  - Linker created -
      Veneer           inited   0x1fff0c24     0x8  - Linker created -
      .textrw          inited   0x1fff0c2c   0x168  MK60_flash.o [1]
      .textrw          inited   0x1fff0d94    0x50  MK60_mcg.o [1]
  .bss                          0x1fff0de4   0x12c  <Block>
    .bss               zero     0x1fff0de4    0x80  CCD.o [1]
    .bss               zero     0x1fff0e64    0x14  Direction.o [1]
    .bss               zero     0x1fff0e78     0x4  Direction.o [1]
    .bss               zero     0x1fff0e7c     0xc  Direction.o [1]
    .bss               zero     0x1fff0e88     0x4  Direction.o [1]
    .bss               zero     0x1fff0e8c     0x4  Direction.o [1]
    .bss               zero     0x1fff0e90     0xc  MK60_ftm.o [1]
    .bss               zero     0x1fff0e9c     0x4  Speed.o [1]
    .bss               zero     0x1fff0ea0     0x4  system_MK60DZ10.o [1]
    .bss               zero     0x1fff0ea4     0x4  system_MK60DZ10.o [1]
    .bss               zero     0x1fff0ea8     0x4  system_MK60DZ10.o [1]
    .bss               zero     0x1fff0eac    0x50  xfiles.o [3]
    .bss               zero     0x1fff0efc     0x2  Direction.o [1]
    .bss               zero     0x1fff0efe     0x2  Direction.o [1]
    .bss               zero     0x1fff0f00     0x2  Speed.o [1]
    .bss               zero     0x1fff0f02     0x2  Speed.o [1]
    .bss               zero     0x1fff0f04     0x1  CCD.o [1]
    .bss               zero     0x1fff0f05     0x1  CCD.o [1]
    .bss               zero     0x1fff0f06     0x1  CCD.o [1]
    .bss               zero     0x1fff0f07     0x1  CCD.o [1]
    .bss               zero     0x1fff0f08     0x1  Direction.o [1]
    .bss               zero     0x1fff0f09     0x1  Direction.o [1]
    .bss               zero     0x1fff0f0a     0x1  Direction.o [1]
    .bss               zero     0x1fff0f0b     0x1  Direction.o [1]
    .bss               zero     0x1fff0f0c     0x1  Direction.o [1]
    .bss               zero     0x1fff0f0d     0x1  Global.o [1]
    .bss               zero     0x1fff0f0e     0x1  Global.o [1]
    .bss               zero     0x1fff0f0f     0x1  MK60_it.o [1]
  P2 s0                         0x1fff0f10    0x88  <Init block>
    __DLIB_PERTHREAD   inited   0x1fff0f10    0x88  localeconv.o [3]
                              - 0x1fff0f98   0xb88


*******************************************************************************
*** INIT TABLE
***

          Address     Size
          -------     ----
Zero (__iar_zero_init3)
    1 destination range, total size 0x12c:
          0x1fff0de4  0x12c



*******************************************************************************
*** MODULE SUMMARY
***

    Module                 ro code  rw code  ro data  rw data
    ------                 -------  -------  -------  -------
C:\Users\Tang\Desktop\k60\山外K60参考代码V5.3（支持FX、FN和DNZ）\书外的参考例程\LCD_线性CCD_无线传输\小车程序\Prj\IAR\DZ10_Debug\Obj: [1]
    CCD.o                    1 208                 4      136
    Direction.o              1 560                12       63
    Global.o                 1 776                45        3
    MK60_PIT.o                 124               132
    MK60_SysTick.o             100               136
    MK60_adc.o                 696               143        8
    MK60_conf.o                320             1 948    1 800
    MK60_flash.o                        360      492
    MK60_ftm.o                 940               144       24
    MK60_gpio.o                296               152       20
    MK60_it.o                  108                          1
    MK60_mcg.o                 968       80      152       72
    MK60_port.o                176                20       20
    MK60_uart.o                588               156       24
    MK60_wdog.o                 64
    OLED.o                   2 016               552
    Speed.o                                        8       16
    VCAN_LED.o                 112                 4        4
    VCAN_key.o                 156                 8        8
    main.o                      56
    misc.o                      80               128
    startup_MK60DZ10.o           8
    system_MK60DZ10.o          304                         12
    vectors.o                                  1 040
    ---------------------------------------------------------
    Total:                  11 656      440    5 276    2 211

command line: [2]
    ---------------------------------------------------------
    Total:

dl7M_tlf.a: [3]
    div.o                       14
    exit.o                       4
    localeconv.o               108               136      136
    low_level_init.o             4
    printf.o                    36
    putchar.o                   12
    xfiles.o                                      64      144
    xprintflarge_nomb.o      3 054
    xprout.o                    22
    xtls.o                       2
    ---------------------------------------------------------
    Total:                   3 256               200      280

m7M_tl.a: [4]
    DblAdd.o                   232
    DblCmpLe.o                  46
    DblDiv.o                   582
    DblMul.o                   418
    DblSub.o                   384
    DblToFlt.o                 144
    DblToI32.o                  88
    FltAdd.o                   132
    FltCmpGe.o                  36
    FltCmpLe.o                  36
    FltMul.o                   216
    FltSub.o                   230
    FltToDbl.o                  78
    FltToS32.o                  68
    FltToU32.o                  36
    I32ToDbl.o                  28
    I32ToFlt.o                  50
    xdnorm.o                    66
    ---------------------------------------------------------
    Total:                   2 870

rt7M_tl.a: [5]
    ABImemcpy_unaligned.o      118
    I64DivMod.o                238
    I64DivZer.o                  2
    XXexit.o                    12
    cexit.o                     10
    cmain.o                     26
    cstartup_M.o                12
    data_init.o                 40
    memchr.o                    88
    strchr.o                    22
    strlen.o                    54
    zero_init3.o                34
    ---------------------------------------------------------
    Total:                     656

    Gaps                        28                          5
    Linker created              24       16       36
-------------------------------------------------------------
    Grand Total:            18 490      456    5 512    2 496


*******************************************************************************
*** ENTRY LIST
***

Entry                      Address   Size  Type      Object
-----                      -------   ----  ----      ------
.bss$$Base              0x1fff0de4          --   Gb  - Linker created -
.bss$$Limit             0x1fff0f10          --   Gb  - Linker created -
.data$$Base             0x1fff0410          --   Gb  - Linker created -
.data$$Limit            0x1fff0c1c          --   Gb  - Linker created -
.data_init$$Base        0x000019f4          --   Gb  - Linker created -
.data_init$$Limit       0x00002204          --   Gb  - Linker created -
?main                   0x00005c91         Code  Gb  cmain.o [5]
ADCN                    0x1fff0424    0x8  Data  Gb  MK60_adc.o [1]
ASSERT_FAILED_STR       0x00005c3c   0x24  Data  Gb  MK60_conf.o [1]
AnalyzeLine             0x00004415  0x1cc  Code  Gb  Direction.o [1]
Board_Interaction       0x00003709  0x34c  Code  Gb  Global.o [1]
CCDD                    0x1fff0f04    0x1  Data  Gb  CCD.o [1]
CCD_BUFF                0x1fff0de4   0x80  Data  Gb  CCD.o [1]
CCD_Left                0x1fff0410    0x1  Data  Gb  CCD.o [1]
CCD_Pixelcnt            0x1fff0412    0x1  Data  Gb  CCD.o [1]
CCD_Right               0x1fff0411    0x1  Data  Gb  CCD.o [1]
CCD_TSL1401             0x00004971   0x86  Code  Gb  CCD.o [1]
CCD_display             0x0000252b   0x5e  Code  Gb  OLED.o [1]
CalculateIntegrationTime
                        0x00004d09   0x54  Code  Gb  CCD.o [1]
Cartime                 0x1fff0f0f    0x1  Data  Gb  MK60_it.o [1]
CodeRelocate$$Base      0x0000538c          --   Gb  - Linker created -
CodeRelocate$$Limit     0x00005554          --   Gb  - Linker created -
CodeRelocateRam$$Base   0x1fff0c1c          --   Gb  - Linker created -
CodeRelocateRam$$Limit  0x1fff0de4          --   Gb  - Linker created -
DirectionPianCha        0x1fff0e7c    0xc  Data  Gb  Direction.o [1]
Direction_Calculate     0x000045e1  0x114  Code  Gb  Direction.o [1]
Direction_Control       0x000046f5  0x132  Code  Gb  Direction.o [1]
Direction_Error_New     0x1fff0efe    0x2  Data  Gb  Direction.o [1]
Direction_Error_Old     0x1fff0e64   0x14  Data  Gb  Direction.o [1]
Dly_us                  0x000048dd   0x18  Code  Gb  CCD.o [1]
F6x8                    0x00005164  0x228  Data  Gb  OLED.o [1]
FTMN                    0x1fff0b34    0xc  Data  Gb  MK60_ftm.o [1]
FTM_port_mux            0x00003df1  0x118  Code  Lc  MK60_ftm.o [1]
Find_Black_Line         0x0000427d  0x198  Code  Gb  Direction.o [1]
GPIOX                   0x1fff0b40   0x14  Data  Gb  MK60_gpio.o [1]
ImageFilter             0x000049f7   0xa8  Code  Gb  CCD.o [1]
Integration             0x000048f5   0x7c  Code  Gb  CCD.o [1]
IntegrationTime         0x1fff0413    0x1  Data  Gb  CCD.o [1]
KEY_PTxn                0x1fff0bd0    0x8  Data  Gb  VCAN_key.o [1]
LCD_DLY_ms              0x00002307   0x18  Code  Gb  OLED.o [1]
LCD_Fill                0x000022c7   0x40  Code  Gb  OLED.o [1]
LCD_Init                0x0000231f   0xf8  Code  Gb  OLED.o [1]
LCD_P6x8Str             0x0000245b   0x7c  Code  Gb  OLED.o [1]
LCD_PutPixel            0x00002417   0x44  Code  Gb  OLED.o [1]
LCD_Set_Pos             0x0000229f   0x28  Code  Gb  OLED.o [1]
LCD_WrCmd               0x00002255   0x4a  Code  Gb  OLED.o [1]
LCD_WrDat               0x00002205   0x4e  Code  Gb  OLED.o [1]
LED_P6x8Char            0x000024d7   0x54  Code  Gb  OLED.o [1]
LED_PTxn                0x1fff0bd8    0x4  Data  Gb  VCAN_LED.o [1]
LED_PrintValueF         0x000026c9  0x308  Code  Gb  OLED.o [1]
LED_PrintValueFP        0x00002595  0x134  Code  Gb  OLED.o [1]
L_set_speed             0x1fff0f00    0x2  Data  Gb  Speed.o [1]
Left_Line               0x1fff0414    0x1  Data  Gb  Direction.o [1]
Left_Line_Old           0x1fff0f08    0x1  Data  Gb  Direction.o [1]
LoadInt                 0x00000993   0x6e  Code  Lc  xprintflarge_nomb.o [3]
Motor_D                 0x1fff0e9c    0x4  Data  Gb  Speed.o [1]
Motor_I                 0x1fff0bcc    0x4  Data  Gb  Speed.o [1]
Motor_P                 0x1fff0bc8    0x4  Data  Gb  Speed.o [1]
NVIC_EnableIRQ          0x000056c5   0x14  Code  Lc  main.o [1]
NVIC_SystemReset        0x00002e29   0x1a  Code  Lc  MK60_conf.o [1]
PID_display             0x000035eb  0x112  Code  Gb  Global.o [1]
PIT0_IRQHandler         0x00005b6d   0x6c  Code  Gb  MK60_it.o [1]
PORTX                   0x1fff0b9c   0x14  Data  Gb  MK60_port.o [1]
PixelAverage            0x00004a9f   0x28  Code  Gb  CCD.o [1]
PixelAverageValue       0x1fff0f05    0x1  Data  Gb  CCD.o [1]
R_set_speed             0x1fff0f02    0x2  Data  Gb  Speed.o [1]
Region$$Table$$Base     0x00005c60          --   Gb  - Linker created -
Region$$Table$$Limit    0x00005c70          --   Gb  - Linker created -
Reset_Handler           0x00000411         Code  Gb  startup_MK60DZ10.o [1]
Right_Line              0x1fff0415    0x1  Data  Gb  Direction.o [1]
Right_Line_Old          0x1fff0f09    0x1  Data  Gb  Direction.o [1]
Steer                   0x00004881   0x14  Code  Gb  Direction.o [1]
Steer_PWM_New           0x1fff0e8c    0x4  Data  Gb  Direction.o [1]
Steer_PWM_Old           0x1fff0e88    0x4  Data  Gb  Direction.o [1]
SteeringD               0x1fff041c    0x4  Data  Gb  Direction.o [1]
SteeringP_1             0x1fff0418    0x4  Data  Gb  Direction.o [1]
Threshold_Calculation   0x00004ac7  0x242  Code  Gb  CCD.o [1]
UARTN                   0x1fff0bb0   0x18  Data  Gb  MK60_uart.o [1]
_GenldLargeNoMb         0x00000d89  0x236  Code  Lc  xprintflarge_nomb.o [3]
_LdtobLargeNoMb         0x00000b09  0x27a  Code  Lc  xprintflarge_nomb.o [3]
_LitobLargeNoMb         0x00000a01  0x106  Code  Lc  xprintflarge_nomb.o [3]
_Locale_aeabi_lconv     0x1fff0f60   0x38  Data  Gb  localeconv.o [3]
_Locale_lconv           0x1fff0f10   0x50  Data  Gb  localeconv.o [3]
_PrintfLargeNoMb        0x00000419  0x574  Code  Gb  xprintflarge_nomb.o [3]
_Prout                  0x00005ccd   0x16  Code  Gb  xprout.o [3]
_PutcharsLargeNoMb      0x00000fbf   0x2e  Code  Lc  xprintflarge_nomb.o [3]
__BOOT_STACK_ADDRESS {Abs}
                        0x2000fff8          --   Gb  command line/config [2]
__VECTOR_RAM {Abs}      0x1fff0000          --   Gb  command line/config [2]
__VECTOR_TABLE {Abs}    0x00000000          --   Gb  command line/config [2]
__aeabi_cdcmple         0x00001279         Code  Gb  DblCmpLe.o [4]
__aeabi_cfcmple         0x00002d45         Code  Gb  FltCmpLe.o [4]
__aeabi_cfrcmple        0x00004895         Code  Gb  FltCmpGe.o [4]
__aeabi_d2f             0x000041ed         Code  Gb  DblToFlt.o [4]
__aeabi_d2iz            0x00001695         Code  Gb  DblToI32.o [4]
__aeabi_d2uiz           0x000016c1         Code  Gb  DblToI32.o [4]
__aeabi_dadd            0x00001909         Code  Gb  DblAdd.o [4]
__aeabi_ddiv            0x0000144d         Code  Gb  DblDiv.o [4]
__aeabi_dmul            0x000012a9         Code  Gb  DblMul.o [4]
__aeabi_dsub            0x00001709         Code  Gb  DblSub.o [4]
__aeabi_f2d             0x0000419d         Code  Gb  FltToDbl.o [4]
__aeabi_f2iz            0x00002b0d         Code  Gb  FltToS32.o [4]
__aeabi_f2uiz           0x000048b9         Code  Gb  FltToU32.o [4]
__aeabi_fadd            0x00002f69         Code  Gb  FltAdd.o [4]
__aeabi_fmul            0x00002c6d         Code  Gb  FltMul.o [4]
__aeabi_fsub            0x00002b85         Code  Gb  FltSub.o [4]
__aeabi_i2f             0x00002b51         Code  Gb  I32ToFlt.o [4]
__aeabi_ldiv0           0x00001905         Code  Gb  I64DivZer.o [5]
__aeabi_ui2d            0x000016ed         Code  Gb  I32ToDbl.o [4]
__aeabi_ui2f            0x00002b65         Code  Gb  I32ToFlt.o [4]
__aeabi_uldivmod        0x000010d1         Code  Gb  I64DivMod.o [5]
__cmain                 0x00005c91         Code  Gb  cmain.o [5]
__code_start__ {Abs}    0x00000410          --   Gb  command line/config [2]
__exit                  0x00005cc1         Code  Gb  XXexit.o [5]
__iar_Dnorm             0x00001237   0x42  Code  Gb  xdnorm.o [4]
__iar_Locale_lconv_init
                        0x00001889   0x3a  Code  Gb  localeconv.o [3]
__iar_Memchr            0x00001079         Code  Gb  memchr.o [5]
__iar_Stdout            0x1fff0bdc   0x40  Data  Gb  xfiles.o [3]
__iar_Strchr            0x00001029         Code  Gb  strchr.o [5]
__iar_d2uiz             0x000016cd         Code  Gb  DblToI32.o [4]
__iar_dadd              0x0000191d         Code  Gb  DblAdd.o [4]
__iar_data_init3        0x00005c15   0x28  Code  Gb  data_init.o [5]
__iar_dlib_perthread_access
                        0x000019f1    0x2  Code  Gb  xtls.o [3]
__iar_dsub              0x0000171d         Code  Gb  DblSub.o [4]
__iar_dsubStart         0x0000172f         Code  Gb  DblSub.o [4]
__iar_fadd              0x00002f79         Code  Gb  FltAdd.o [4]
__iar_fsub              0x00002b95         Code  Gb  FltSub.o [4]
__iar_fsubStart         0x00002ba5         Code  Gb  FltSub.o [4]
__iar_program_start     0x00005d11         Code  Gb  cstartup_M.o [5]
__iar_ui2d              0x000016f1         Code  Gb  I32ToDbl.o [4]
__iar_ui2f              0x00002b69         Code  Gb  I32ToFlt.o [4]
__iar_unaligned___aeabi_memcpy
                        0x000011c1         Code  Gb  ABImemcpy_unaligned.o [5]
__iar_unaligned___aeabi_memcpy4
                        0x000011e1         Code  Gb  ABImemcpy_unaligned.o [5]
__iar_unaligned___aeabi_memcpy8
                        0x000011e1         Code  Gb  ABImemcpy_unaligned.o [5]
__iar_zero_init3        0x00001007   0x22  Code  Gb  zero_init3.o [5]
__low_level_init        0x00005cab    0x4  Code  Gb  low_level_init.o [3]
__vector_table          0x00000000  0x410  Data  Gb  vectors.o [1]
_call_main              0x00005c9d         Code  Gb  cmain.o [5]
_exit                   0x00005cb5         Code  Gb  cexit.o [5]
_main                   0x00005ca7         Code  Gb  cmain.o [5]
adc_init                0x00003abd  0x20e  Code  Gb  MK60_adc.o [1]
adc_once                0x00003ccb   0x50  Code  Gb  MK60_adc.o [1]
adc_start               0x00003d1b   0x44  Code  Lc  MK60_adc.o [1]
assert_failed           0x00002e43   0x26  Code  Gb  MK60_conf.o [1]
bus_clk_khz             0x1fff0ea8    0x4  Data  Gb  system_MK60DZ10.o [1]
ccd_threshold           0x1fff0efc    0x2  Data  Gb  Direction.o [1]
common_startup          0x000055b3   0x98  Code  Gb  system_MK60DZ10.o [1]
core_clk_khz            0x1fff0ea0    0x4  Data  Gb  system_MK60DZ10.o [1]
core_clk_mhz            0x1fff0ea4    0x4  Data  Gb  system_MK60DZ10.o [1]
default_isr             0x00002f17   0x30  Code  Gb  MK60_conf.o [1]
display_flag            0x1fff0f0e    0x1  Data  Gb  Global.o [1]
div                     0x000018f5    0xe  Code  Gb  div.o [3]
exit                    0x00005caf    0x4  Code  Gb  exit.o [3]
flag_Board              0x1fff0f0d    0x1  Data  Gb  Global.o [1]
flag_shizi              0x1fff0e78    0x4  Data  Gb  Direction.o [1]
flash_cmd               0x1fff0c2d   0x20  Code  Gb  MK60_flash.o [1]
flash_erase_sector      0x1fff0c7d   0x58  Code  Gb  MK60_flash.o [1]
flash_init              0x1fff0c4d   0x30  Code  Gb  MK60_flash.o [1]
flash_write             0x1fff0cd5   0x8e  Code  Gb  MK60_flash.o [1]
fputc                   0x00002e69   0x14  Code  Gb  MK60_conf.o [1]
ftm_mod                 0x1fff0e90    0xc  Data  Lc  MK60_ftm.o [1]
ftm_pwm_duty            0x00004095   0xee  Code  Gb  MK60_ftm.o [1]
ftm_pwm_init            0x00003f09  0x18c  Code  Gb  MK60_ftm.o [1]
gpio_get                0x00002acb   0x3a  Code  Gb  MK60_gpio.o [1]
gpio_init               0x000029e5   0xae  Code  Gb  MK60_gpio.o [1]
gpio_turn               0x00002a93   0x38  Code  Gb  MK60_gpio.o [1]
init                    0x000033cd  0x21e  Code  Gb  Global.o [1]
key_check               0x0000339d   0x2a  Code  Gb  VCAN_key.o [1]
key_get                 0x00003383   0x1a  Code  Gb  VCAN_key.o [1]
key_init                0x00003331   0x52  Code  Gb  VCAN_key.o [1]
led_init                0x00002fed   0x3a  Code  Gb  VCAN_LED.o [1]
led_turn                0x00003027   0x32  Code  Gb  VCAN_LED.o [1]
level                   0x1fff0420    0x1  Data  Gb  Global.o [1]
localeconv              0x000018c3   0x16  Code  Gb  localeconv.o [3]
main                    0x000056d9   0x1c  Code  Gb  main.o [1]
mcg_cfg                 0x1fff0b54   0x44  Data  Gb  MK60_mcg.o [1]
mcg_div                 0x1fff0b98    0x4  Data  Gb  MK60_mcg.o [1]
mcg_div_count           0x00004d9d  0x2fa  Code  Gb  MK60_mcg.o [1]
memchr                  0x00001079         Code  Gb  memchr.o [5]
noleftflag              0x1fff0f0b    0x1  Data  Gb  Direction.o [1]
norightflag             0x1fff0f0c    0x1  Data  Gb  Direction.o [1]
obuf                    0x1fff0eac   0x50  Data  Lc  xfiles.o [3]
pit_init                0x00003d75   0x6c  Code  Gb  MK60_PIT.o [1]
pll_init                0x00005097   0xb2  Code  Gb  MK60_mcg.o [1]
port_init               0x00002d69   0x44  Code  Gb  MK60_port.o [1]
port_init_NoALT         0x00002dad   0x62  Code  Gb  MK60_port.o [1]
printf                  0x0000305d   0x24  Code  Gb  printf.o [3]
putchar                 0x00005ce5    0xc  Code  Gb  putchar.o [3]
set_sys_dividers        0x1fff0d95   0x50  Code  Gb  MK60_mcg.o [1]
set_vector_handler      0x0000571f   0x22  Code  Gb  misc.o [1]
shiziflag               0x1fff0f0a    0x1  Data  Gb  Direction.o [1]
start                   0x00005555   0x22  Code  Gb  system_MK60DZ10.o [1]
start_check             0x00002e7d   0x9a  Code  Gb  MK60_conf.o [1]
strchr                  0x00001029         Code  Gb  strchr.o [5]
strlen                  0x00001041         Code  Gb  strlen.o [5]
sysinit                 0x00005577   0x3c  Code  Gb  system_MK60DZ10.o [1]
systick_delay           0x00003081   0x36  Code  Gb  MK60_SysTick.o [1]
systick_delay_ms        0x000030b7   0x18  Code  Gb  MK60_SysTick.o [1]
uart_init               0x000030e5  0x218  Code  Gb  MK60_uart.o [1]
uart_putchar            0x000032fd   0x1a  Code  Gb  MK60_uart.o [1]
vector_str              0x1fff042c  0x708  Data  Gb  MK60_conf.o [1]
wdog_disable            0x00005685   0x16  Code  Gb  MK60_wdog.o [1]
wdog_unlock             0x0000569b   0x20  Code  Lc  MK60_wdog.o [1]
write_vtor              0x000056fd   0x22  Code  Gb  misc.o [1]


[1] = C:\Users\Tang\Desktop\k60\山外K60参考代码V5.3（支持FX、FN和DNZ）\书外的参考例程\LCD_线性CCD_无线传输\小车程序\Prj\IAR\DZ10_Debug\Obj
[2] = command line
[3] = dl7M_tlf.a
[4] = m7M_tl.a
[5] = rt7M_tl.a

  18 490 bytes of readonly  code memory
     456 bytes of readwrite code memory
   5 512 bytes of readonly  data memory
   2 496 bytes of readwrite data memory

Errors: none
Warnings: none
